"../../../Engine/Content/Functions/Engine_MaterialFunctions02/Utility/BreakOutFloat3Components.uasset" 0
"../../../Engine/Content/Functions/Engine_MaterialFunctions02/Utility/BreakOutFloat3Components.uexp" 1
"../../../Engine/Content/Functions/Engine_MaterialFunctions02/Math/Transform3x3Matrix.uasset" 2
"../../../Engine/Content/Functions/Engine_MaterialFunctions02/Math/Transform3x3Matrix.uexp" 3
"../../../Engine/Content/Functions/Engine_MaterialFunctions02/Utility/MakeFloat3.uasset" 4
"../../../Engine/Content/Functions/Engine_MaterialFunctions02/Utility/MakeFloat3.uexp" 5
"../../../Engine/Content/Functions/Engine_MaterialFunctions02/SplitComponents.uasset" 6
"../../../Engine/Content/Functions/Engine_MaterialFunctions02/SplitComponents.uexp" 7
"../../../Engine/Content/VREditor/SnapGrid/SnapGridMaterial.uasset" 8
"../../../Engine/Content/VREditor/SnapGrid/SnapGridMaterial.uexp" 9
"../../../Engine/Content/VREditor/SnapGrid/SnapGridPlaneMesh.uasset" 10
"../../../Engine/Content/VREditor/SnapGrid/SnapGridPlaneMesh.uexp" 11
"../../../Engine/Content/VREditor/LaserPointer/VR_LaserPower_01.ubulk" 12
"../../../Engine/Content/VREditor/LaserPointer/VR_LaserPower_01.uasset" 13
"../../../Engine/Content/VREditor/LaserPointer/VR_LaserPower_01.uexp" 14
"../../../Engine/Content/VREditor/TransformGizmo/TransformGizmoMaterial.uasset" 15
"../../../Engine/Content/VREditor/TransformGizmo/TransformGizmoMaterial.uexp" 16
"../../../Engine/Content/VREditor/TransformGizmo/TranslucentTransformGizmoMaterial.uasset" 17
"../../../Engine/Content/VREditor/TransformGizmo/TranslucentTransformGizmoMaterial.uexp" 18
"../../../Engine/Content/VREditor/TransformGizmo/PlaneTranslationHandle.uasset" 19
"../../../Engine/Content/VREditor/TransformGizmo/PlaneTranslationHandle.uexp" 20
"../../../Engine/Content/VREditor/TransformGizmo/RotationHandleFull.uasset" 21
"../../../Engine/Content/VREditor/TransformGizmo/RotationHandleFull.uexp" 22
"../../../Engine/Content/VREditor/TransformGizmo/RotationHandleIndicator.uasset" 23
"../../../Engine/Content/VREditor/TransformGizmo/RotationHandleIndicator.uexp" 24
"../../../Engine/Content/VREditor/TransformGizmo/RotationHandleQuarter.uasset" 25
"../../../Engine/Content/VREditor/TransformGizmo/RotationHandleQuarter.uexp" 26
"../../../Engine/Content/VREditor/TransformGizmo/StartRotationHandleIndicator.uasset" 27
"../../../Engine/Content/VREditor/TransformGizmo/StartRotationHandleIndicator.uexp" 28
"../../../Engine/Content/VREditor/TransformGizmo/TranslucentTransformGizmoMaterial_Inst.uasset" 29
"../../../Engine/Content/VREditor/TransformGizmo/TranslucentTransformGizmoMaterial_Inst.uexp" 30
"../../../Engine/Content/VREditor/TransformGizmo/TransformGizmoFreeRotation.uasset" 31
"../../../Engine/Content/VREditor/TransformGizmo/TransformGizmoFreeRotation.uexp" 32
"../../../Engine/Content/VREditor/TransformGizmo/TransformGizmoMaterial_Inst.uasset" 33
"../../../Engine/Content/VREditor/TransformGizmo/TransformGizmoMaterial_Inst.uexp" 34
"../../../Engine/Content/VREditor/TransformGizmo/TranslateArrowHandle.uasset" 35
"../../../Engine/Content/VREditor/TransformGizmo/TranslateArrowHandle.uexp" 36
"../../../Engine/Content/VREditor/TransformGizmo/UniformScaleHandle.uasset" 37
"../../../Engine/Content/VREditor/TransformGizmo/UniformScaleHandle.uexp" 38
"../../../Engine/Content/VREditor/Sounds/UI/Drop_Item_From_ContentBrowser.ubulk" 39
"../../../Engine/Content/VREditor/Sounds/UI/Drop_Item_From_ContentBrowser.uasset" 40
"../../../Engine/Content/VREditor/Sounds/UI/Drop_Item_From_ContentBrowser.uexp" 41
"../../../Engine/Content/VREditor/Sounds/UI/Gizmo_Handle_Clicked.ubulk" 42
"../../../Engine/Content/VREditor/Sounds/UI/Gizmo_Handle_Clicked.uasset" 43
"../../../Engine/Content/VREditor/Sounds/UI/Gizmo_Handle_Clicked.uexp" 44
"../../../Engine/Content/VREditor/Sounds/UI/Object_PickUp.ubulk" 45
"../../../Engine/Content/VREditor/Sounds/UI/Object_PickUp.uasset" 46
"../../../Engine/Content/VREditor/Sounds/UI/Object_PickUp.uexp" 47
"../../../Engine/Content/VREditor/Sounds/UI/Object_Snaps_To_Another_Actor.ubulk" 48
"../../../Engine/Content/VREditor/Sounds/UI/Object_Snaps_To_Another_Actor.uasset" 49
"../../../Engine/Content/VREditor/Sounds/UI/Object_Snaps_To_Another_Actor.uexp" 50
"../../../Engine/Content/VREditor/Sounds/UI/Object_Snaps_To_Grid.ubulk" 51
"../../../Engine/Content/VREditor/Sounds/UI/Object_Snaps_To_Grid.uasset" 52
"../../../Engine/Content/VREditor/Sounds/UI/Object_Snaps_To_Grid.uexp" 53
"../../../Engine/Content/VREditor/Sounds/UI/Scaling_Down.ubulk" 54
"../../../Engine/Content/VREditor/Sounds/UI/Scaling_Down.uasset" 55
"../../../Engine/Content/VREditor/Sounds/UI/Scaling_Down.uexp" 56
"../../../Engine/Content/VREditor/Sounds/UI/Scaling_Up.ubulk" 57
"../../../Engine/Content/VREditor/Sounds/UI/Scaling_Up.uasset" 58
"../../../Engine/Content/VREditor/Sounds/UI/Scaling_Up.uexp" 59
"../../../Engine/Content/VREditor/Sounds/UI/Selection_Changes.ubulk" 60
"../../../Engine/Content/VREditor/Sounds/UI/Selection_Changes.uasset" 61
"../../../Engine/Content/VREditor/Sounds/UI/Selection_Changes.uexp" 62
"../../../Engine/Content/Functions/Engine_MaterialFunctions02/Utility/BreakOutFloat2Components.uasset" 63
"../../../Engine/Content/Functions/Engine_MaterialFunctions02/Utility/BreakOutFloat2Components.uexp" 64
"../../../Engine/Content/Functions/Engine_MaterialFunctions02/Utility/MakeFloat2.uasset" 65
"../../../Engine/Content/Functions/Engine_MaterialFunctions02/Utility/MakeFloat2.uexp" 66
"../../../Engine/Content/Functions/Engine_MaterialFunctions02/Utility/VectorLength.uasset" 67
"../../../Engine/Content/Functions/Engine_MaterialFunctions02/Utility/VectorLength.uexp" 68
"../../../Engine/Content/EngineMaterials/BlendFunc_DefBase.uasset" 69
"../../../Engine/Content/EngineMaterials/BlendFunc_DefBase.uexp" 70
"../../../Engine/Content/EngineMaterials/BlendFunc_DefBlend.uasset" 71
"../../../Engine/Content/EngineMaterials/BlendFunc_DefBlend.uexp" 72
"../../../Engine/Content/Functions/Engine_MaterialFunctions03/Blends/Blend_Screen.uasset" 73
"../../../Engine/Content/Functions/Engine_MaterialFunctions03/Blends/Blend_Screen.uexp" 74
"../../../Engine/Content/EditorMaterials/TilingAALineIntegral.uasset" 75
"../../../Engine/Content/EditorMaterials/TilingAALineIntegral.uexp" 76
"../../../Engine/Content/EditorMaterials/TilingAALineBoxFiltered.uasset" 77
"../../../Engine/Content/EditorMaterials/TilingAALineBoxFiltered.uexp" 78
"../../../Engine/Content/Functions/Engine_MaterialFunctions03/Procedurals/ComputeFilterWidth.uasset" 79
"../../../Engine/Content/Functions/Engine_MaterialFunctions03/Procedurals/ComputeFilterWidth.uexp" 80
"../../../Engine/Content/EditorMaterials/TilingAAGrid.uasset" 81
"../../../Engine/Content/EditorMaterials/TilingAAGrid.uexp" 82
"../../../Engine/Content/Functions/Engine_MaterialFunctions02/WorldPositionOffset/V2/ObjectScale.uasset" 83
"../../../Engine/Content/Functions/Engine_MaterialFunctions02/WorldPositionOffset/V2/ObjectScale.uexp" 84
"../../../Engine/Content/EngineResources/Black_Low.uasset" 85
"../../../Engine/Content/EngineResources/Black_Low.uexp" 86
"../../../Engine/Plugins/Experimental/Landmass/Content/Landscape/BlueprintBrushes/MPC/MPC_Landscape.uasset" 87
"../../../Engine/Plugins/Experimental/Landmass/Content/Landscape/BlueprintBrushes/MPC/MPC_Landscape.uexp" 88
"../../../Engine/Plugins/Experimental/Landmass/Content/Landscape/BlueprintBrushes/MF/PointSampleLandscapeUVs.uasset" 89
"../../../Engine/Plugins/Experimental/Landmass/Content/Landscape/BlueprintBrushes/MF/PointSampleLandscapeUVs.uexp" 90
"../../../Engine/Content/Functions/Engine_MaterialFunctions01/ImageAdjustment/SCurve.uasset" 91
"../../../Engine/Content/Functions/Engine_MaterialFunctions01/ImageAdjustment/SCurve.uexp" 92
"../../../Engine/Plugins/Experimental/Landmass/Content/Landscape/OldPrototype_BP/Mats/MF/UnpackRG8Height.uasset" 93
"../../../Engine/Plugins/Experimental/Landmass/Content/Landscape/OldPrototype_BP/Mats/MF/UnpackRG8Height.uexp" 94
"../../../Engine/Content/ArtTools/RenderToTexture/Textures/T_EV_BlankWhite_01.uasset" 95
"../../../Engine/Content/ArtTools/RenderToTexture/Textures/T_EV_BlankWhite_01.uexp" 96
"../../../Engine/Plugins/Experimental/Landmass/Content/Landscape/BlueprintBrushes/MF/LandmassBrush_UVs.uasset" 97
"../../../Engine/Plugins/Experimental/Landmass/Content/Landscape/BlueprintBrushes/MF/LandmassBrush_UVs.uexp" 98
"../../../Engine/Plugins/Experimental/Landmass/Content/Landscape/BlueprintBrushes/MF/LandmassBrush_EdgeFalloff.uasset" 99
"../../../Engine/Plugins/Experimental/Landmass/Content/Landscape/BlueprintBrushes/MF/LandmassBrush_EdgeFalloff.uexp" 100
"../../../Engine/Plugins/Experimental/Landmass/Content/Landscape/BlueprintBrushes/MF/LandmassBrush_Noise.uasset" 101
"../../../Engine/Plugins/Experimental/Landmass/Content/Landscape/BlueprintBrushes/MF/LandmassBrush_Noise.uexp" 102
"../../../Engine/Plugins/Experimental/Landmass/Content/Landscape/BlueprintBrushes/MF/Landmass_BrushTilt.uasset" 103
"../../../Engine/Plugins/Experimental/Landmass/Content/Landscape/BlueprintBrushes/MF/Landmass_BrushTilt.uexp" 104
"../../../Engine/Plugins/Experimental/Landmass/Content/Landscape/BlueprintBrushes/Materials/BrushMaterials/BasicFunctions/LandmassBrush_ShapeMask.uasset" 105
"../../../Engine/Plugins/Experimental/Landmass/Content/Landscape/BlueprintBrushes/Materials/BrushMaterials/BasicFunctions/LandmassBrush_ShapeMask.uexp" 106
"../../../Engine/Plugins/Experimental/Landmass/Content/Landscape/BlueprintBrushes/Materials/Internal/BrushBounds.uasset" 107
"../../../Engine/Plugins/Experimental/Landmass/Content/Landscape/BlueprintBrushes/Materials/Internal/BrushBounds.uexp" 108
"../../../Engine/Content/Functions/Engine_MaterialFunctions02/WorldPositionOffset/ObjectScale.uasset" 109
"../../../Engine/Content/Functions/Engine_MaterialFunctions02/WorldPositionOffset/ObjectScale.uexp" 110
"../../../Engine/Plugins/Editor/SpeedTreeImporter/Content/SpeedTree9/Empty.uasset" 111
"../../../Engine/Plugins/Editor/SpeedTreeImporter/Content/SpeedTree9/Empty.uexp" 112
"../../../Engine/Plugins/Editor/SpeedTreeImporter/Content/SpeedTree9/EmptyNormal.uasset" 113
"../../../Engine/Plugins/Editor/SpeedTreeImporter/Content/SpeedTree9/EmptyNormal.uexp" 114
"../../../Engine/Plugins/Editor/SpeedTreeImporter/Content/SpeedTree9/game_wind_noise.ubulk" 115
"../../../Engine/Plugins/Editor/SpeedTreeImporter/Content/SpeedTree9/game_wind_noise.uasset" 116
"../../../Engine/Plugins/Editor/SpeedTreeImporter/Content/SpeedTree9/game_wind_noise.uexp" 117
"../../../Engine/Content/Functions/Engine_MaterialFunctions02/SafeNormalize.uasset" 118
"../../../Engine/Content/Functions/Engine_MaterialFunctions02/SafeNormalize.uexp" 119
"../../../Engine/Plugins/Editor/SpeedTreeImporter/Content/SpeedTree9/SpeedTreeWindMotion.uasset" 120
"../../../Engine/Plugins/Editor/SpeedTreeImporter/Content/SpeedTree9/SpeedTreeWindMotion.uexp" 121
"../../../Engine/Plugins/Editor/SpeedTreeImporter/Content/SpeedTree9/UnpackDirection.uasset" 122
"../../../Engine/Plugins/Editor/SpeedTreeImporter/Content/SpeedTree9/UnpackDirection.uexp" 123
"../../../Engine/Plugins/Editor/SpeedTreeImporter/Content/SpeedTree9/UnpackInteger3.uasset" 124
"../../../Engine/Plugins/Editor/SpeedTreeImporter/Content/SpeedTree9/UnpackInteger3.uexp" 125
"../../../Engine/Plugins/Editor/SpeedTreeImporter/Content/SpeedTree9/SpeedTreeBranchMotion.uasset" 126
"../../../Engine/Plugins/Editor/SpeedTreeImporter/Content/SpeedTree9/SpeedTreeBranchMotion.uexp" 127
"../../../Engine/Content/Functions/Engine_MaterialFunctions02/ObjectLocalBounds.uasset" 128
"../../../Engine/Content/Functions/Engine_MaterialFunctions02/ObjectLocalBounds.uexp" 129
"../../../Engine/Content/Functions/Engine_MaterialFunctions02/UVs/BoundingBoxBased_0-1_UVW.uasset" 130
"../../../Engine/Content/Functions/Engine_MaterialFunctions02/UVs/BoundingBoxBased_0-1_UVW.uexp" 131
"../../../Engine/Plugins/Editor/SpeedTreeImporter/Content/SpeedTree9/SpeedTreeWind.uasset" 132
"../../../Engine/Plugins/Editor/SpeedTreeImporter/Content/SpeedTree9/SpeedTreeWind.uexp" 133
"../../../Engine/Plugins/Editor/SpeedTreeImporter/Content/SpeedTree9/SpeedTreeCameraFacing.uasset" 134
"../../../Engine/Plugins/Editor/SpeedTreeImporter/Content/SpeedTree9/SpeedTreeCameraFacing.uexp" 135
"../../../Engine/Plugins/Editor/SpeedTreeImporter/Content/SpeedTree9/SpeedTreeMaster.uasset" 136
"../../../Engine/Plugins/Editor/SpeedTreeImporter/Content/SpeedTree9/SpeedTreeMaster.uexp" 137
"../../../Engine/Plugins/Editor/SpeedTreeImporter/Content/SpeedTree9/SpeedTreeBillboard.uasset" 138
"../../../Engine/Plugins/Editor/SpeedTreeImporter/Content/SpeedTree9/SpeedTreeBillboard.uexp" 139
"../../../Engine/Plugins/Editor/SpeedTreeImporter/Content/SpeedTree9/SpeedTreeBillboardMaster.uasset" 140
"../../../Engine/Plugins/Editor/SpeedTreeImporter/Content/SpeedTree9/SpeedTreeBillboardMaster.uexp" 141
"../../../Engine/Content/EngineResources/WhiteSquareTexture.uasset" 142
"../../../Engine/Content/EngineResources/WhiteSquareTexture.uexp" 143
"../../../Engine/Content/EngineMaterials/Widget3DPassThrough.uasset" 144
"../../../Engine/Content/EngineMaterials/Widget3DPassThrough.uexp" 145
"../../../Engine/Content/EngineMaterials/Widget3DPassThrough_Translucent.uasset" 146
"../../../Engine/Content/EngineMaterials/Widget3DPassThrough_Translucent.uexp" 147
"../../../Engine/Content/EngineMaterials/Widget3DPassThrough_Translucent_OneSided.uasset" 148
"../../../Engine/Content/EngineMaterials/Widget3DPassThrough_Translucent_OneSided.uexp" 149
"../../../Engine/Content/EngineMaterials/Widget3DPassThrough_Opaque.uasset" 150
"../../../Engine/Content/EngineMaterials/Widget3DPassThrough_Opaque.uexp" 151
"../../../Engine/Content/EngineMaterials/Widget3DPassThrough_Opaque_OneSided.uasset" 152
"../../../Engine/Content/EngineMaterials/Widget3DPassThrough_Opaque_OneSided.uexp" 153
"../../../Engine/Content/EngineMaterials/Widget3DPassThrough_Masked_OneSided.uasset" 154
"../../../Engine/Content/EngineMaterials/Widget3DPassThrough_Masked_OneSided.uexp" 155
"../../../Engine/Content/Functions/Engine_MaterialFunctions01/Texturing/ScaleUVsByCenter.uasset" 156
"../../../Engine/Content/Functions/Engine_MaterialFunctions01/Texturing/ScaleUVsByCenter.uexp" 157
"../../../Engine/Content/EngineMaterials/DefaultDiffuse.ubulk" 158
"../../../Engine/Content/EngineMaterials/DefaultDiffuse.uasset" 159
"../../../Engine/Content/EngineMaterials/DefaultDiffuse.uexp" 160
"../../../Engine/Content/Functions/Engine_MaterialFunctions01/Texturing/TextureCropping.uasset" 161
"../../../Engine/Content/Functions/Engine_MaterialFunctions01/Texturing/TextureCropping.uexp" 162
"../../../Engine/Content/Functions/Engine_MaterialFunctions02/ExampleContent/DebugNumberStrip.uasset" 163
"../../../Engine/Content/Functions/Engine_MaterialFunctions02/ExampleContent/DebugNumberStrip.uexp" 164
"../../../Engine/Content/Functions/Engine_MaterialFunctions01/Debug/DebugIntValues.uasset" 165
"../../../Engine/Content/Functions/Engine_MaterialFunctions01/Debug/DebugIntValues.uexp" 166
"../../../Engine/Content/Functions/Engine_MaterialFunctions02/WorldPositionOffset/LocalPosition.uasset" 167
"../../../Engine/Content/Functions/Engine_MaterialFunctions02/WorldPositionOffset/LocalPosition.uexp" 168
"../../../Engine/Content/EditorLandscapeResources/LandscapeLayerUsageMaterial.uasset" 169
"../../../Engine/Content/EditorLandscapeResources/LandscapeLayerUsageMaterial.uexp" 170
"../../../Engine/Content/EngineMaterials/Grid.ubulk" 171
"../../../Engine/Content/EngineMaterials/Grid.uasset" 172
"../../../Engine/Content/EngineMaterials/Grid.uexp" 173
"../../../Engine/Content/Functions/Engine_MaterialFunctions01/Gradient/LinearGradient.uasset" 174
"../../../Engine/Content/Functions/Engine_MaterialFunctions01/Gradient/LinearGradient.uexp" 175
"../../../Engine/Content/Functions/Engine_MaterialFunctions01/ImageAdjustment/CheapContrast.uasset" 176
"../../../Engine/Content/Functions/Engine_MaterialFunctions01/ImageAdjustment/CheapContrast.uexp" 177
"../../../Engine/Content/Functions/Engine_MaterialFunctions01/Texturing/WorldAlignedTexture.uasset" 178
"../../../Engine/Content/Functions/Engine_MaterialFunctions01/Texturing/WorldAlignedTexture.uexp" 179
"../../../Engine/Content/EditorMaterials/Dataflow/DataflowSelection.uasset" 180
"../../../Engine/Content/EditorMaterials/Dataflow/DataflowSelection.uexp" 181
"../../../Engine/Content/Functions/Engine_MaterialFunctions01/Texturing/FlattenNormal.uasset" 182
"../../../Engine/Content/Functions/Engine_MaterialFunctions01/Texturing/FlattenNormal.uexp" 183
"../../../Engine/Plugins/Interchange/Assets/Content/gltf/Textures/T_White_Linear.uasset" 184
"../../../Engine/Plugins/Interchange/Assets/Content/gltf/Textures/T_White_Linear.uexp" 185
"../../../Engine/Plugins/Interchange/Assets/Content/Utilities/New_LUT.uasset" 186
"../../../Engine/Plugins/Interchange/Assets/Content/Utilities/New_LUT.uexp" 187
"../../../Engine/Content/Functions/Engine_MaterialFunctions03/Math/RemapValueRange.uasset" 188
"../../../Engine/Content/Functions/Engine_MaterialFunctions03/Math/RemapValueRange.uexp" 189
"../../../Engine/Plugins/Interchange/Assets/Content/Functions/MF_Iridescence.uasset" 190
"../../../Engine/Plugins/Interchange/Assets/Content/Functions/MF_Iridescence.uexp" 191
"../../../Engine/Plugins/Interchange/Assets/Content/gltf/Textures/T_White_srgb.uasset" 192
"../../../Engine/Plugins/Interchange/Assets/Content/gltf/Textures/T_White_srgb.uexp" 193
"../../../Engine/Plugins/Interchange/Assets/Content/gltf/MaterialFunctions/MF_BaseColor.uasset" 194
"../../../Engine/Plugins/Interchange/Assets/Content/gltf/MaterialFunctions/MF_BaseColor.uexp" 195
"../../../Engine/Plugins/Interchange/Assets/Content/gltf/MaterialFunctions/MF_RotateNormals_TS.uasset" 196
"../../../Engine/Plugins/Interchange/Assets/Content/gltf/MaterialFunctions/MF_RotateNormals_TS.uexp" 197
"../../../Engine/Plugins/Interchange/Assets/Content/gltf/Textures/T_Generic_N.uasset" 198
"../../../Engine/Plugins/Interchange/Assets/Content/gltf/Textures/T_Generic_N.uexp" 199
"../../../Engine/Plugins/Interchange/Assets/Content/gltf/MaterialFunctions/MF_Clearcoat.uasset" 200
"../../../Engine/Plugins/Interchange/Assets/Content/gltf/MaterialFunctions/MF_Clearcoat.uexp" 201
"../../../Engine/Plugins/Interchange/Assets/Content/gltf/MaterialFunctions/MF_Emissive.uasset" 202
"../../../Engine/Plugins/Interchange/Assets/Content/gltf/MaterialFunctions/MF_Emissive.uexp" 203
"../../../Engine/Plugins/Interchange/Assets/Content/gltf/MaterialFunctions/MF_IOR.uasset" 204
"../../../Engine/Plugins/Interchange/Assets/Content/gltf/MaterialFunctions/MF_IOR.uexp" 205
"../../../Engine/Plugins/Interchange/Assets/Content/Functions/MF_IridescenceNoLUT.uasset" 206
"../../../Engine/Plugins/Interchange/Assets/Content/Functions/MF_IridescenceNoLUT.uexp" 207
"../../../Engine/Plugins/Interchange/Assets/Content/gltf/MaterialFunctions/MF_Iridescence.uasset" 208
"../../../Engine/Plugins/Interchange/Assets/Content/gltf/MaterialFunctions/MF_Iridescence.uexp" 209
"../../../Engine/Plugins/Interchange/Assets/Content/gltf/MaterialFunctions/MF_MetallicRoughness.uasset" 210
"../../../Engine/Plugins/Interchange/Assets/Content/gltf/MaterialFunctions/MF_MetallicRoughness.uexp" 211
"../../../Engine/Plugins/Interchange/Assets/Content/gltf/MaterialFunctions/MF_ScaleNormal.uasset" 212
"../../../Engine/Plugins/Interchange/Assets/Content/gltf/MaterialFunctions/MF_ScaleNormal.uexp" 213
"../../../Engine/Plugins/Interchange/Assets/Content/gltf/MaterialFunctions/MF_Normals.uasset" 214
"../../../Engine/Plugins/Interchange/Assets/Content/gltf/MaterialFunctions/MF_Normals.uexp" 215
"../../../Engine/Plugins/Interchange/Assets/Content/gltf/MaterialFunctions/MF_Occlusion.uasset" 216
"../../../Engine/Plugins/Interchange/Assets/Content/gltf/MaterialFunctions/MF_Occlusion.uexp" 217
"../../../Engine/Plugins/Interchange/Assets/Content/gltf/MaterialFunctions/MF_Specular.uasset" 218
"../../../Engine/Plugins/Interchange/Assets/Content/gltf/MaterialFunctions/MF_Specular.uexp" 219
"../../../Engine/Plugins/Interchange/Assets/Content/gltf/Textures/T_Anisotropy_Direction_Linear.uasset" 220
"../../../Engine/Plugins/Interchange/Assets/Content/gltf/Textures/T_Anisotropy_Direction_Linear.uexp" 221
"../../../Engine/Plugins/Interchange/Assets/Content/gltf/MaterialFunctions/MF_SpecularAnisotropy.uasset" 222
"../../../Engine/Plugins/Interchange/Assets/Content/gltf/MaterialFunctions/MF_SpecularAnisotropy.uexp" 223
"../../../Engine/Plugins/Interchange/Assets/Content/gltf/MaterialFunctions/MF_RotateV2.uasset" 224
"../../../Engine/Plugins/Interchange/Assets/Content/gltf/MaterialFunctions/MF_RotateV2.uexp" 225
"../../../Engine/Plugins/Interchange/Assets/Content/gltf/MaterialFunctions/MF_TransformUVs.uasset" 226
"../../../Engine/Plugins/Interchange/Assets/Content/gltf/MaterialFunctions/MF_TransformUVs.uexp" 227
"../../../Engine/Plugins/Interchange/Assets/Content/gltf/MaterialBodies/MF_ClearCoat_Body.uasset" 228
"../../../Engine/Plugins/Interchange/Assets/Content/gltf/MaterialBodies/MF_ClearCoat_Body.uexp" 229
"../../../Engine/Plugins/Interchange/Assets/Content/gltf/M_ClearCoat.uasset" 230
"../../../Engine/Plugins/Interchange/Assets/Content/gltf/M_ClearCoat.uexp" 231
"../../../Engine/Plugins/Interchange/Assets/Content/gltf/MaterialInstances/MI_ClearCoat_Opaque.uasset" 232
"../../../Engine/Plugins/Interchange/Assets/Content/gltf/MaterialInstances/MI_ClearCoat_Opaque.uexp" 233
"../../../Engine/Plugins/Interchange/Assets/Content/gltf/MaterialBodies/MF_Default_Body.uasset" 234
"../../../Engine/Plugins/Interchange/Assets/Content/gltf/MaterialBodies/MF_Default_Body.uexp" 235
"../../../Engine/Plugins/Interchange/Assets/Content/gltf/M_Default.uasset" 236
"../../../Engine/Plugins/Interchange/Assets/Content/gltf/M_Default.uexp" 237
"../../../Engine/Plugins/Interchange/Assets/Content/gltf/MaterialInstances/MI_Default_Opaque.uasset" 238
"../../../Engine/Plugins/Interchange/Assets/Content/gltf/MaterialInstances/MI_Default_Opaque.uexp" 239
"../../../Engine/Plugins/Interchange/Assets/Content/gltf/MaterialInstances/MI_ClearCoat_Mask_DS.uasset" 240
"../../../Engine/Plugins/Interchange/Assets/Content/gltf/MaterialInstances/MI_ClearCoat_Mask_DS.uexp" 241
"../../../Engine/Plugins/Interchange/Assets/Content/gltf/MaterialInstances/MI_ClearCoat_Opaque_DS.uasset" 242
"../../../Engine/Plugins/Interchange/Assets/Content/gltf/MaterialInstances/MI_ClearCoat_Opaque_DS.uexp" 243
"../../../Engine/Plugins/Interchange/Assets/Content/gltf/MaterialInstances/MI_ClearCoat_Blend.uasset" 244
"../../../Engine/Plugins/Interchange/Assets/Content/gltf/MaterialInstances/MI_ClearCoat_Blend.uexp" 245
"../../../Engine/Plugins/Interchange/Assets/Content/gltf/MaterialInstances/MI_ClearCoat_Mask.uasset" 246
"../../../Engine/Plugins/Interchange/Assets/Content/gltf/MaterialInstances/MI_ClearCoat_Mask.uexp" 247
"../../../Engine/Plugins/Interchange/Assets/Content/gltf/MaterialInstances/MI_Default_Blend_DS.uasset" 248
"../../../Engine/Plugins/Interchange/Assets/Content/gltf/MaterialInstances/MI_Default_Blend_DS.uexp" 249
"../../../Engine/Plugins/Interchange/Assets/Content/gltf/MaterialInstances/MI_Default_Mask_DS.uasset" 250
"../../../Engine/Plugins/Interchange/Assets/Content/gltf/MaterialInstances/MI_Default_Mask_DS.uexp" 251
"../../../Engine/Plugins/Interchange/Assets/Content/gltf/MaterialInstances/MI_Default_Opaque_DS.uasset" 252
"../../../Engine/Plugins/Interchange/Assets/Content/gltf/MaterialInstances/MI_Default_Opaque_DS.uexp" 253
"../../../Engine/Plugins/Interchange/Assets/Content/gltf/MaterialInstances/MI_Default_Blend.uasset" 254
"../../../Engine/Plugins/Interchange/Assets/Content/gltf/MaterialInstances/MI_Default_Blend.uexp" 255
"../../../Engine/Plugins/Interchange/Assets/Content/gltf/MaterialInstances/MI_Default_Mask.uasset" 256
"../../../Engine/Plugins/Interchange/Assets/Content/gltf/MaterialInstances/MI_Default_Mask.uexp" 257
"../../../Engine/Plugins/Interchange/Assets/Content/gltf/MaterialFunctions/MF_Sheen.uasset" 258
"../../../Engine/Plugins/Interchange/Assets/Content/gltf/MaterialFunctions/MF_Sheen.uexp" 259
"../../../Engine/Plugins/Interchange/Assets/Content/gltf/MaterialBodies/MF_Sheen_Body.uasset" 260
"../../../Engine/Plugins/Interchange/Assets/Content/gltf/MaterialBodies/MF_Sheen_Body.uexp" 261
"../../../Engine/Plugins/Interchange/Assets/Content/gltf/M_Sheen.uasset" 262
"../../../Engine/Plugins/Interchange/Assets/Content/gltf/M_Sheen.uexp" 263
"../../../Engine/Plugins/Interchange/Assets/Content/gltf/MaterialInstances/MI_Sheen_Opaque.uasset" 264
"../../../Engine/Plugins/Interchange/Assets/Content/gltf/MaterialInstances/MI_Sheen_Opaque.uexp" 265
"../../../Engine/Content/EngineMaterials/Good64x64TilingNoiseHighFreq.uasset" 266
"../../../Engine/Content/EngineMaterials/Good64x64TilingNoiseHighFreq.uexp" 267
"../../../Engine/Content/Functions/Engine_MaterialFunctions02/Texturing/ScreenAlignedPixelToPixelUVs.uasset" 268
"../../../Engine/Content/Functions/Engine_MaterialFunctions02/Texturing/ScreenAlignedPixelToPixelUVs.uexp" 269
"../../../Engine/Content/Functions/Engine_MaterialFunctions02/Utility/CameraDirectionVector.uasset" 270
"../../../Engine/Content/Functions/Engine_MaterialFunctions02/Utility/CameraDirectionVector.uexp" 271
"../../../Engine/Plugins/Interchange/Assets/Content/gltf/MaterialFunctions/MF_Fresnel_DS.uasset" 272
"../../../Engine/Plugins/Interchange/Assets/Content/gltf/MaterialFunctions/MF_Fresnel_DS.uexp" 273
"../../../Engine/Plugins/Interchange/Assets/Content/gltf/MaterialFunctions/MF_Temporal_Blur.uasset" 274
"../../../Engine/Plugins/Interchange/Assets/Content/gltf/MaterialFunctions/MF_Temporal_Blur.uexp" 275
"../../../Engine/Plugins/Interchange/Assets/Content/gltf/MaterialFunctions/MF_Transmission.uasset" 276
"../../../Engine/Plugins/Interchange/Assets/Content/gltf/MaterialFunctions/MF_Transmission.uexp" 277
"../../../Engine/Plugins/Interchange/Assets/Content/gltf/MaterialBodies/MF_Transmission_Body.uasset" 278
"../../../Engine/Plugins/Interchange/Assets/Content/gltf/MaterialBodies/MF_Transmission_Body.uexp" 279
"../../../Engine/Plugins/Interchange/Assets/Content/gltf/M_Transmission.uasset" 280
"../../../Engine/Plugins/Interchange/Assets/Content/gltf/M_Transmission.uexp" 281
"../../../Engine/Plugins/Interchange/Assets/Content/gltf/MaterialInstances/MI_Transmission.uasset" 282
"../../../Engine/Plugins/Interchange/Assets/Content/gltf/MaterialInstances/MI_Transmission.uexp" 283
"../../../Engine/Plugins/Interchange/Assets/Content/gltf/MaterialBodies/MF_Unlit_Body.uasset" 284
"../../../Engine/Plugins/Interchange/Assets/Content/gltf/MaterialBodies/MF_Unlit_Body.uexp" 285
"../../../Engine/Plugins/Interchange/Assets/Content/gltf/M_Unlit.uasset" 286
"../../../Engine/Plugins/Interchange/Assets/Content/gltf/M_Unlit.uexp" 287
"../../../Engine/Plugins/Interchange/Assets/Content/gltf/MaterialInstances/MI_Unlit_Opaque.uasset" 288
"../../../Engine/Plugins/Interchange/Assets/Content/gltf/MaterialInstances/MI_Unlit_Opaque.uexp" 289
"../../../Engine/Content/Functions/Engine_MaterialFunctions02/Math/AddComponents.uasset" 290
"../../../Engine/Content/Functions/Engine_MaterialFunctions02/Math/AddComponents.uexp" 291
"../../../Engine/Plugins/Interchange/Assets/Content/gltf/MaterialFunctions/MF_DiffuseSpecGloss.uasset" 292
"../../../Engine/Plugins/Interchange/Assets/Content/gltf/MaterialFunctions/MF_DiffuseSpecGloss.uexp" 293
"../../../Engine/Plugins/Interchange/Assets/Content/gltf/MaterialFunctions/MF_MaxComponentValue.uasset" 294
"../../../Engine/Plugins/Interchange/Assets/Content/gltf/MaterialFunctions/MF_MaxComponentValue.uexp" 295
"../../../Engine/Plugins/Interchange/Assets/Content/gltf/MaterialFunctions/MF_PerceivedBrightness.uasset" 296
"../../../Engine/Plugins/Interchange/Assets/Content/gltf/MaterialFunctions/MF_PerceivedBrightness.uexp" 297
"../../../Engine/Plugins/Interchange/Assets/Content/gltf/MaterialFunctions/MF_SpecGlossToMetalRoughness.uasset" 298
"../../../Engine/Plugins/Interchange/Assets/Content/gltf/MaterialFunctions/MF_SpecGlossToMetalRoughness.uexp" 299
"../../../Engine/Plugins/Interchange/Assets/Content/gltf/MaterialBodies/MF_SpecularGlossiness_Body.uasset" 300
"../../../Engine/Plugins/Interchange/Assets/Content/gltf/MaterialBodies/MF_SpecularGlossiness_Body.uexp" 301
"../../../Engine/Plugins/Interchange/Assets/Content/gltf/M_SpecularGlossiness.uasset" 302
"../../../Engine/Plugins/Interchange/Assets/Content/gltf/M_SpecularGlossiness.uexp" 303
"../../../Engine/Plugins/Interchange/Assets/Content/gltf/MaterialInstances/MI_SpecularGlossiness_Opaque.uasset" 304
"../../../Engine/Plugins/Interchange/Assets/Content/gltf/MaterialInstances/MI_SpecularGlossiness_Opaque.uexp" 305
"../../../Engine/Plugins/Interchange/Assets/Content/gltf/MaterialInstances/MI_Sheen_Opaque_DS.uasset" 306
"../../../Engine/Plugins/Interchange/Assets/Content/gltf/MaterialInstances/MI_Sheen_Opaque_DS.uexp" 307
"../../../Engine/Plugins/Interchange/Assets/Content/gltf/MaterialInstances/MI_Unlit_Blend_DS.uasset" 308
"../../../Engine/Plugins/Interchange/Assets/Content/gltf/MaterialInstances/MI_Unlit_Blend_DS.uexp" 309
"../../../Engine/Plugins/Interchange/Assets/Content/gltf/MaterialInstances/MI_ClearCoat_Blend_DS.uasset" 310
"../../../Engine/Plugins/Interchange/Assets/Content/gltf/MaterialInstances/MI_ClearCoat_Blend_DS.uexp" 311
"../../../Engine/Plugins/Interchange/Assets/Content/gltf/MaterialInstances/MI_Sheen_Blend.uasset" 312
"../../../Engine/Plugins/Interchange/Assets/Content/gltf/MaterialInstances/MI_Sheen_Blend.uexp" 313
"../../../Engine/Plugins/Interchange/Assets/Content/gltf/MaterialInstances/MI_Sheen_Mask.uasset" 314
"../../../Engine/Plugins/Interchange/Assets/Content/gltf/MaterialInstances/MI_Sheen_Mask.uexp" 315
"../../../Engine/Plugins/Interchange/Assets/Content/gltf/MaterialInstances/MI_Transmission_DS.uasset" 316
"../../../Engine/Plugins/Interchange/Assets/Content/gltf/MaterialInstances/MI_Transmission_DS.uexp" 317
"../../../Engine/Plugins/Interchange/Assets/Content/gltf/MaterialInstances/MI_Sheen_Blend_DS.uasset" 318
"../../../Engine/Plugins/Interchange/Assets/Content/gltf/MaterialInstances/MI_Sheen_Blend_DS.uexp" 319
"../../../Engine/Plugins/Interchange/Assets/Content/gltf/MaterialInstances/MI_Sheen_Mask_DS.uasset" 320
"../../../Engine/Plugins/Interchange/Assets/Content/gltf/MaterialInstances/MI_Sheen_Mask_DS.uexp" 321
"../../../Engine/Plugins/Interchange/Assets/Content/gltf/MaterialInstances/MI_Unlit_Mask_DS.uasset" 322
"../../../Engine/Plugins/Interchange/Assets/Content/gltf/MaterialInstances/MI_Unlit_Mask_DS.uexp" 323
"../../../Engine/Plugins/Interchange/Assets/Content/gltf/MaterialInstances/MI_Unlit_Opaque_DS.uasset" 324
"../../../Engine/Plugins/Interchange/Assets/Content/gltf/MaterialInstances/MI_Unlit_Opaque_DS.uexp" 325
"../../../Engine/Plugins/Interchange/Assets/Content/gltf/MaterialInstances/MI_Unlit_Blend.uasset" 326
"../../../Engine/Plugins/Interchange/Assets/Content/gltf/MaterialInstances/MI_Unlit_Blend.uexp" 327
"../../../Engine/Plugins/Interchange/Assets/Content/gltf/MaterialInstances/MI_Unlit_Mask.uasset" 328
"../../../Engine/Plugins/Interchange/Assets/Content/gltf/MaterialInstances/MI_Unlit_Mask.uexp" 329
"../../../Engine/Plugins/Interchange/Assets/Content/gltf/MaterialInstances/MI_SpecularGlossiness_Blend_DS.uasset" 330
"../../../Engine/Plugins/Interchange/Assets/Content/gltf/MaterialInstances/MI_SpecularGlossiness_Blend_DS.uexp" 331
"../../../Engine/Plugins/Interchange/Assets/Content/gltf/MaterialInstances/MI_SpecularGlossiness_Mask_DS.uasset" 332
"../../../Engine/Plugins/Interchange/Assets/Content/gltf/MaterialInstances/MI_SpecularGlossiness_Mask_DS.uexp" 333
"../../../Engine/Plugins/Interchange/Assets/Content/gltf/MaterialInstances/MI_SpecularGlossiness_Opaque_DS.uasset" 334
"../../../Engine/Plugins/Interchange/Assets/Content/gltf/MaterialInstances/MI_SpecularGlossiness_Opaque_DS.uexp" 335
"../../../Engine/Plugins/Interchange/Assets/Content/gltf/MaterialInstances/MI_SpecularGlossiness_Blend.uasset" 336
"../../../Engine/Plugins/Interchange/Assets/Content/gltf/MaterialInstances/MI_SpecularGlossiness_Blend.uexp" 337
"../../../Engine/Plugins/Interchange/Assets/Content/gltf/MaterialInstances/MI_SpecularGlossiness_Mask.uasset" 338
"../../../Engine/Plugins/Interchange/Assets/Content/gltf/MaterialInstances/MI_SpecularGlossiness_Mask.uexp" 339
"../../../Engine/Content/Functions/Engine_MaterialFunctions01/Opacity/CameraDepthFade.uasset" 340
"../../../Engine/Content/Functions/Engine_MaterialFunctions01/Opacity/CameraDepthFade.uexp" 341
"../../../Engine/Content/EngineMaterials/T_Default_Material_Grid_M.ubulk" 342
"../../../Engine/Content/EngineMaterials/T_Default_Material_Grid_M.uasset" 343
"../../../Engine/Content/EngineMaterials/T_Default_Material_Grid_M.uexp" 344
"../../../Engine/Content/EngineMaterials/T_Default_Material_Grid_N.ubulk" 345
"../../../Engine/Content/EngineMaterials/T_Default_Material_Grid_N.uasset" 346
"../../../Engine/Content/EngineMaterials/T_Default_Material_Grid_N.uexp" 347
"../../../Engine/Content/EngineMaterials/WorldGridMaterial.uasset" 348
"../../../Engine/Content/EngineMaterials/WorldGridMaterial.uexp" 349
"../../../Engine/Content/ArtTools/RenderToTexture/Meshes/S_1_Unit_Plane.uasset" 350
"../../../Engine/Content/ArtTools/RenderToTexture/Meshes/S_1_Unit_Plane.uexp" 351
"../../../Engine/Plugins/Experimental/Water/Content/Meshes/LakeMesh.uasset" 352
"../../../Engine/Plugins/Experimental/Water/Content/Meshes/LakeMesh.uexp" 353
"../../../Engine/Plugins/Experimental/Water/Content/Meshes/RiverMesh.uasset" 354
"../../../Engine/Plugins/Experimental/Water/Content/Meshes/RiverMesh.uexp" 355
"../../../Engine/Plugins/Experimental/Landmass/Content/Landscape/Meshes/S_SpritePlane.uasset" 356
"../../../Engine/Plugins/Experimental/Landmass/Content/Landscape/Meshes/S_SpritePlane.uexp" 357
"../../../Engine/Plugins/Media/MediaPlate/Content/SM_MediaPlateScreen.uasset" 358
"../../../Engine/Plugins/Media/MediaPlate/Content/SM_MediaPlateScreen.uexp" 359
"../../../Engine/Content/BasicShapes/Cube.uasset" 360
"../../../Engine/Content/BasicShapes/Cube.uexp" 361
"../../../Engine/Content/BasicShapes/Plane.uasset" 362
"../../../Engine/Content/BasicShapes/Plane.uexp" 363
"../../../Engine/Plugins/Interchange/Assets/Content/Functions/MX_StandardSurface.uasset" 364
"../../../Engine/Plugins/Interchange/Assets/Content/Functions/MX_StandardSurface.uexp" 365
"../../../Engine/Plugins/Interchange/Assets/Content/Functions/MX_TransmissionSurface.uasset" 366
"../../../Engine/Plugins/Interchange/Assets/Content/Functions/MX_TransmissionSurface.uexp" 367
"../../../Engine/Plugins/Interchange/Assets/Content/Functions/MX_OpenPBR_Translucent.uasset" 368
"../../../Engine/Plugins/Interchange/Assets/Content/Functions/MX_OpenPBR_Translucent.uexp" 369
"../../../Engine/Plugins/Animation/ControlRig/Content/Controls/ControlRig_Circle_1mm.uasset" 370
"../../../Engine/Plugins/Animation/ControlRig/Content/Controls/ControlRig_Circle_1mm.uexp" 371
"../../../Engine/Plugins/Animation/ControlRig/Content/Controls/ControlRig_Box_solid.uasset" 372
"../../../Engine/Plugins/Animation/ControlRig/Content/Controls/ControlRig_Box_solid.uexp" 373
"../../../Engine/Plugins/Interchange/Assets/Content/Functions/MX_OpenPBR_Opaque.uasset" 374
"../../../Engine/Plugins/Interchange/Assets/Content/Functions/MX_OpenPBR_Opaque.uexp" 375
"../../../Engine/Content/EngineMaterials/DefaultMaterial.uasset" 376
"../../../Engine/Content/EngineMaterials/DefaultMaterial.uexp" 377
"../../../Engine/Content/BasicShapes/Sphere.uasset" 378
"../../../Engine/Content/BasicShapes/Sphere.uexp" 379
"../../../Engine/Content/BasicShapes/Cylinder.uasset" 380
"../../../Engine/Content/BasicShapes/Cylinder.uexp" 381
"../../../Engine/Content/BasicShapes/Cone.uasset" 382
"../../../Engine/Content/BasicShapes/Cone.uexp" 383
"../../../Engine/Content/EditorMaterials/Camera/CineMat.uasset" 384
"../../../Engine/Content/EditorMaterials/Camera/CineMat.uexp" 385
"../../../Engine/Content/EditorMaterials/Camera/MI_CineMat_Rig.uasset" 386
"../../../Engine/Content/EditorMaterials/Camera/MI_CineMat_Rig.uexp" 387
"../../../Engine/Content/EditorMeshes/Camera/SM_CraneRig_Base.uasset" 388
"../../../Engine/Content/EditorMeshes/Camera/SM_CraneRig_Base.uexp" 389
"../../../Engine/Content/EditorMeshes/Camera/SM_CraneRig_Arm.uasset" 390
"../../../Engine/Content/EditorMeshes/Camera/SM_CraneRig_Arm.uexp" 391
"../../../Engine/Content/EditorMeshes/Camera/SM_CraneRig_Mount.uasset" 392
"../../../Engine/Content/EditorMeshes/Camera/SM_CraneRig_Mount.uexp" 393
"../../../Engine/Content/EditorMeshes/Camera/SM_CraneRig_Body.uasset" 394
"../../../Engine/Content/EditorMeshes/Camera/SM_CraneRig_Body.uexp" 395
"../../../Engine/Content/EditorMeshes/Camera/SM_RailRig_Track.uasset" 396
"../../../Engine/Content/EditorMeshes/Camera/SM_RailRig_Track.uexp" 397
"../../../Engine/Content/EditorMeshes/Camera/SM_RailRig_Mount.uasset" 398
"../../../Engine/Content/EditorMeshes/Camera/SM_RailRig_Mount.uexp" 399
"../../../Engine/Plugins/Experimental/MeshModelingToolsetExp/Content/Materials/GetDisplacementVectorForDepthBias.uasset" 400
"../../../Engine/Plugins/Experimental/MeshModelingToolsetExp/Content/Materials/GetDisplacementVectorForDepthBias.uexp" 401
"../../../Engine/Content/Functions/Engine_MaterialFunctions02/Math/ProjectVectorOntoPlane.uasset" 402
"../../../Engine/Content/Functions/Engine_MaterialFunctions02/Math/ProjectVectorOntoPlane.uexp" 403
"../../../Engine/Content/Functions/Engine_MaterialFunctions03/Viewport/MF_OrthoWidth.uasset" 404
"../../../Engine/Content/Functions/Engine_MaterialFunctions03/Viewport/MF_OrthoWidth.uexp" 405
"../../../Engine/Plugins/Experimental/MeshModelingToolsetExp/Content/Materials/LineSetOverlaidComponentMaterial.uasset" 406
"../../../Engine/Plugins/Experimental/MeshModelingToolsetExp/Content/Materials/LineSetOverlaidComponentMaterial.uexp" 407
"../../../Engine/Plugins/Animation/ControlRig/Content/Controls/ControlRig_Square_solid.uasset" 408
"../../../Engine/Plugins/Animation/ControlRig/Content/Controls/ControlRig_Square_solid.uexp" 409
"../../../Engine/Plugins/Animation/ControlRig/Content/Controls/ControlRig_Octagon_3mm.uasset" 410
"../../../Engine/Plugins/Animation/ControlRig/Content/Controls/ControlRig_Octagon_3mm.uexp" 411
"../../../Engine/Plugins/Animation/ControlRig/Content/Controls/ControlRig_Sphere_solid.uasset" 412
"../../../Engine/Plugins/Animation/ControlRig/Content/Controls/ControlRig_Sphere_solid.uexp" 413
"../../../Engine/Plugins/Animation/ControlRig/Content/Controls/ControlRig_Diamond_solid.uasset" 414
"../../../Engine/Plugins/Animation/ControlRig/Content/Controls/ControlRig_Diamond_solid.uexp" 415
"../../../Engine/Plugins/Animation/ControlRig/Content/Controls/ControlRig_Diamond_3mm.uasset" 416
"../../../Engine/Plugins/Animation/ControlRig/Content/Controls/ControlRig_Diamond_3mm.uexp" 417
"../../../Engine/Content/Functions/Substrate/Substrate-IOR-To-F0.uasset" 418
"../../../Engine/Content/Functions/Substrate/Substrate-IOR-To-F0.uexp" 419
"../../../Engine/Plugins/Interchange/Assets/Content/gltf/Substrate/MF_GLTFPBR.uasset" 420
"../../../Engine/Plugins/Interchange/Assets/Content/gltf/Substrate/MF_GLTFPBR.uexp" 421
"../../../Engine/Plugins/Interchange/Assets/Content/gltf/Substrate/M_GLTF.uasset" 422
"../../../Engine/Plugins/Interchange/Assets/Content/gltf/Substrate/M_GLTF.uexp" 423
"../../../Engine/Plugins/Animation/ControlRig/Content/Controls/ControlRig_Box_3mm.uasset" 424
"../../../Engine/Plugins/Animation/ControlRig/Content/Controls/ControlRig_Box_3mm.uexp" 425
"../../../Engine/Plugins/Animation/ControlRig/Content/Controls/ControlRig_Box_1mm.uasset" 426
"../../../Engine/Plugins/Animation/ControlRig/Content/Controls/ControlRig_Box_1mm.uexp" 427
"../../../Engine/Plugins/Animation/ControlRig/Content/Controls/ControlRig_Arrow_solid.uasset" 428
"../../../Engine/Plugins/Animation/ControlRig/Content/Controls/ControlRig_Arrow_solid.uexp" 429
"../../../Engine/Content/EngineMaterials/Widget3DPassThrough_Masked.uasset" 430
"../../../Engine/Content/EngineMaterials/Widget3DPassThrough_Masked.uexp" 431
"../../../Engine/Plugins/Animation/ControlRig/Content/Controls/ControlRig_Arrow_3mm.uasset" 432
"../../../Engine/Plugins/Animation/ControlRig/Content/Controls/ControlRig_Arrow_3mm.uexp" 433
"../../../Engine/Plugins/Animation/ControlRig/Content/Controls/ControlRig_Arrow_1mm.uasset" 434
"../../../Engine/Plugins/Animation/ControlRig/Content/Controls/ControlRig_Arrow_1mm.uexp" 435
"../../../Engine/Plugins/Animation/ControlRig/Content/Controls/ControlRig_Arrow4_solid.uasset" 436
"../../../Engine/Plugins/Animation/ControlRig/Content/Controls/ControlRig_Arrow4_solid.uexp" 437
"../../../Engine/Plugins/Animation/ControlRig/Content/Controls/ControlRig_Arrow4_3mm.uasset" 438
"../../../Engine/Plugins/Animation/ControlRig/Content/Controls/ControlRig_Arrow4_3mm.uexp" 439
"../../../Engine/Plugins/Animation/ControlRig/Content/Controls/ControlRig_Arrow4_1mm.uasset" 440
"../../../Engine/Plugins/Animation/ControlRig/Content/Controls/ControlRig_Arrow4_1mm.uexp" 441
"../../../Engine/Plugins/Animation/ControlRig/Content/Controls/ControlRig_HalfCircle_1mm.uasset" 442
"../../../Engine/Plugins/Animation/ControlRig/Content/Controls/ControlRig_HalfCircle_1mm.uexp" 443
"../../../Engine/Plugins/Animation/ControlRig/Content/Controls/ControlRig_Diamond_1mm.uasset" 444
"../../../Engine/Plugins/Animation/ControlRig/Content/Controls/ControlRig_Diamond_1mm.uexp" 445
"../../../Engine/Plugins/Animation/ControlRig/Content/Controls/ControlRig_Circle_solid.uasset" 446
"../../../Engine/Plugins/Animation/ControlRig/Content/Controls/ControlRig_Circle_solid.uexp" 447
"../../../Engine/Plugins/Animation/ControlRig/Content/Controls/ControlRig_Circle_3mm.uasset" 448
"../../../Engine/Plugins/Animation/ControlRig/Content/Controls/ControlRig_Circle_3mm.uexp" 449
"../../../Engine/Plugins/Animation/ControlRig/Content/Controls/ControlRig_Arrow2_solid.uasset" 450
"../../../Engine/Plugins/Animation/ControlRig/Content/Controls/ControlRig_Arrow2_solid.uexp" 451
"../../../Engine/Plugins/Animation/ControlRig/Content/Controls/ControlRig_Arrow2_3mm.uasset" 452
"../../../Engine/Plugins/Animation/ControlRig/Content/Controls/ControlRig_Arrow2_3mm.uexp" 453
"../../../Engine/Plugins/Animation/ControlRig/Content/Controls/ControlRig_Arrow2_1mm.uasset" 454
"../../../Engine/Plugins/Animation/ControlRig/Content/Controls/ControlRig_Arrow2_1mm.uexp" 455
"../../../Engine/Plugins/Animation/ControlRig/Content/Controls/ControlRig_Sphere_1mm.uasset" 456
"../../../Engine/Plugins/Animation/ControlRig/Content/Controls/ControlRig_Sphere_1mm.uexp" 457
"../../../Engine/Plugins/Animation/ControlRig/Content/Controls/ControlRig_RoundedTriangle_solid.uasset" 458
"../../../Engine/Plugins/Animation/ControlRig/Content/Controls/ControlRig_RoundedTriangle_solid.uexp" 459
"../../../Engine/Plugins/Animation/ControlRig/Content/Controls/ControlRig_RoundedTriangle_3mm.uasset" 460
"../../../Engine/Plugins/Animation/ControlRig/Content/Controls/ControlRig_RoundedTriangle_3mm.uexp" 461
"../../../Engine/Plugins/Animation/ControlRig/Content/Controls/ControlRig_RoundedTriangle_1mm.uasset" 462
"../../../Engine/Plugins/Animation/ControlRig/Content/Controls/ControlRig_RoundedTriangle_1mm.uexp" 463
"../../../Engine/Plugins/Animation/ControlRig/Content/Controls/ControlRig_RoundedSquare_solid.uasset" 464
"../../../Engine/Plugins/Animation/ControlRig/Content/Controls/ControlRig_RoundedSquare_solid.uexp" 465
"../../../Engine/Plugins/Animation/ControlRig/Content/Controls/ControlRig_RoundedSquare_3mm.uasset" 466
"../../../Engine/Plugins/Animation/ControlRig/Content/Controls/ControlRig_RoundedSquare_3mm.uexp" 467
"../../../Engine/Plugins/Animation/ControlRig/Content/Controls/ControlRig_RoundedSquare_1mm.uasset" 468
"../../../Engine/Plugins/Animation/ControlRig/Content/Controls/ControlRig_RoundedSquare_1mm.uexp" 469
"../../../Engine/Plugins/Animation/ControlRig/Content/Controls/ControlRig_QuarterCircle_solid.uasset" 470
"../../../Engine/Plugins/Animation/ControlRig/Content/Controls/ControlRig_QuarterCircle_solid.uexp" 471
"../../../Engine/Plugins/Animation/ControlRig/Content/Controls/ControlRig_QuarterCircle_3mm.uasset" 472
"../../../Engine/Plugins/Animation/ControlRig/Content/Controls/ControlRig_QuarterCircle_3mm.uexp" 473
"../../../Engine/Plugins/Animation/ControlRig/Content/Controls/ControlRig_QuarterCircle_1mm.uasset" 474
"../../../Engine/Plugins/Animation/ControlRig/Content/Controls/ControlRig_QuarterCircle_1mm.uexp" 475
"../../../Engine/Plugins/Animation/ControlRig/Content/Controls/ControlRig_Wedge_1mm.uasset" 476
"../../../Engine/Plugins/Animation/ControlRig/Content/Controls/ControlRig_Wedge_1mm.uexp" 477
"../../../Engine/Plugins/Animation/ControlRig/Content/Controls/ControlRig_Pyramid_solid.uasset" 478
"../../../Engine/Plugins/Animation/ControlRig/Content/Controls/ControlRig_Pyramid_solid.uexp" 479
"../../../Engine/Plugins/Animation/ControlRig/Content/Controls/ControlRig_Pyramid_3mm.uasset" 480
"../../../Engine/Plugins/Animation/ControlRig/Content/Controls/ControlRig_Pyramid_3mm.uexp" 481
"../../../Engine/Plugins/Animation/ControlRig/Content/Controls/ControlRig_Pyramid_1mm.uasset" 482
"../../../Engine/Plugins/Animation/ControlRig/Content/Controls/ControlRig_Pyramid_1mm.uexp" 483
"../../../Engine/Plugins/Animation/ControlRig/Content/Controls/ControlRig_Octagon_solid.uasset" 484
"../../../Engine/Plugins/Animation/ControlRig/Content/Controls/ControlRig_Octagon_solid.uexp" 485
"../../../Engine/Plugins/Animation/ControlRig/Content/Controls/ControlRig_Octagon_1mm.uasset" 486
"../../../Engine/Plugins/Animation/ControlRig/Content/Controls/ControlRig_Octagon_1mm.uexp" 487
"../../../Engine/Plugins/Animation/ControlRig/Content/Controls/ControlRig_Triangle_solid.uasset" 488
"../../../Engine/Plugins/Animation/ControlRig/Content/Controls/ControlRig_Triangle_solid.uexp" 489
"../../../Engine/Plugins/Animation/ControlRig/Content/Controls/ControlRig_Triangle_3mm.uasset" 490
"../../../Engine/Plugins/Animation/ControlRig/Content/Controls/ControlRig_Triangle_3mm.uexp" 491
"../../../Engine/Plugins/Animation/ControlRig/Content/Controls/ControlRig_Triangle_1mm.uasset" 492
"../../../Engine/Plugins/Animation/ControlRig/Content/Controls/ControlRig_Triangle_1mm.uexp" 493
"../../../Engine/Plugins/Animation/ControlRig/Content/Controls/ControlRig_Star4_solid.uasset" 494
"../../../Engine/Plugins/Animation/ControlRig/Content/Controls/ControlRig_Star4_solid.uexp" 495
"../../../Engine/Plugins/Animation/ControlRig/Content/Controls/ControlRig_Star4_3mm.uasset" 496
"../../../Engine/Plugins/Animation/ControlRig/Content/Controls/ControlRig_Star4_3mm.uexp" 497
"../../../Engine/Plugins/Animation/ControlRig/Content/Controls/ControlRig_Star4_1mm.uasset" 498
"../../../Engine/Plugins/Animation/ControlRig/Content/Controls/ControlRig_Star4_1mm.uexp" 499
"../../../Engine/Plugins/Animation/ControlRig/Content/Controls/ControlRig_Square_3mm.uasset" 500
"../../../Engine/Plugins/Animation/ControlRig/Content/Controls/ControlRig_Square_3mm.uexp" 501
"../../../Engine/Plugins/Animation/ControlRig/Content/Controls/ControlRig_Square_1mm.uasset" 502
"../../../Engine/Plugins/Animation/ControlRig/Content/Controls/ControlRig_Square_1mm.uexp" 503
"../../../Engine/Plugins/Animation/ControlRig/Content/Controls/ControlRig_Sphere_3mm.uasset" 504
"../../../Engine/Plugins/Animation/ControlRig/Content/Controls/ControlRig_Sphere_3mm.uexp" 505
"../../../Engine/Plugins/Animation/ControlRig/Content/Controls/ControlRig_Hexagon_solid.uasset" 506
"../../../Engine/Plugins/Animation/ControlRig/Content/Controls/ControlRig_Hexagon_solid.uexp" 507
"../../../Engine/Plugins/Animation/ControlRig/Content/Controls/ControlRig_Hexagon_3mm.uasset" 508
"../../../Engine/Plugins/Animation/ControlRig/Content/Controls/ControlRig_Hexagon_3mm.uexp" 509
"../../../Engine/Plugins/Animation/ControlRig/Content/Controls/ControlRig_Hexagon_1mm.uasset" 510
"../../../Engine/Plugins/Animation/ControlRig/Content/Controls/ControlRig_Hexagon_1mm.uexp" 511
"../../../Engine/Plugins/Animation/ControlRig/Content/Controls/ControlRig_HalfCircle_solid.uasset" 512
"../../../Engine/Plugins/Animation/ControlRig/Content/Controls/ControlRig_HalfCircle_solid.uexp" 513
"../../../Engine/Plugins/Animation/ControlRig/Content/Controls/ControlRig_HalfCircle_3mm.uasset" 514
"../../../Engine/Plugins/Animation/ControlRig/Content/Controls/ControlRig_HalfCircle_3mm.uexp" 515
"../../../Engine/Content/Functions/Engine_MaterialFunctions02/WorldPositionOffset/ComponentPivotLocation.uasset" 516
"../../../Engine/Content/Functions/Engine_MaterialFunctions02/WorldPositionOffset/ComponentPivotLocation.uexp" 517
"../../../Engine/Content/EditorResources/S_Terrain.ubulk" 518
"../../../Engine/Content/EditorResources/S_Terrain.uasset" 519
"../../../Engine/Content/EditorResources/S_Terrain.uexp" 520
"../../../Engine/Content/Functions/Engine_MaterialFunctions02/WorldPositionOffset/Sprite.uasset" 521
"../../../Engine/Content/Functions/Engine_MaterialFunctions02/WorldPositionOffset/Sprite.uexp" 522
"../../../Engine/Plugins/Experimental/Landmass/Content/Landscape/BlueprintBrushes/Materials/Sprite/M_BrushSprite_01.uasset" 523
"../../../Engine/Plugins/Experimental/Landmass/Content/Landscape/BlueprintBrushes/Materials/Sprite/M_BrushSprite_01.uexp" 524
"../../../Engine/Content/Functions/Engine_MaterialFunctions02/Utility/FOV.uasset" 525
"../../../Engine/Content/Functions/Engine_MaterialFunctions02/Utility/FOV.uexp" 526
"../../../Engine/Plugins/Experimental/MeshModelingToolsetExp/Content/Materials/PointSetOverlaidComponentMaterial.uasset" 527
"../../../Engine/Plugins/Experimental/MeshModelingToolsetExp/Content/Materials/PointSetOverlaidComponentMaterial.uexp" 528
"../../../Engine/Content/EditorLandscapeResources/DefaultAlphaTexture.uasset" 529
"../../../Engine/Content/EditorLandscapeResources/DefaultAlphaTexture.uexp" 530
"../../../Engine/Content/Functions/Engine_MaterialFunctions03/Math/WithinRangeFloat2.uasset" 531
"../../../Engine/Content/Functions/Engine_MaterialFunctions03/Math/WithinRangeFloat2.uexp" 532
"../../../Engine/Content/EditorLandscapeResources/MaskBrushMaterial.uasset" 533
"../../../Engine/Content/EditorLandscapeResources/MaskBrushMaterial.uexp" 534
"../../../Engine/Content/EditorLandscapeResources/MaskBrushMaterial_MaskedRegion.uasset" 535
"../../../Engine/Content/EditorLandscapeResources/MaskBrushMaterial_MaskedRegion.uexp" 536
"../../../Engine/Content/VREditor/TransformGizmo/BoundingBoxCorner.uasset" 537
"../../../Engine/Content/VREditor/TransformGizmo/BoundingBoxCorner.uexp" 538
"../../../Engine/Content/VREditor/TransformGizmo/BoundingBoxEdge.uasset" 539
"../../../Engine/Content/VREditor/TransformGizmo/BoundingBoxEdge.uexp" 540
"../../../Engine/Plugins/2D/Paper2D/Content/PlaceholderTextures/DummySpriteTexture.ubulk" 541
"../../../Engine/Plugins/2D/Paper2D/Content/PlaceholderTextures/DummySpriteTexture.uasset" 542
"../../../Engine/Plugins/2D/Paper2D/Content/PlaceholderTextures/DummySpriteTexture.uexp" 543
"../../../Engine/Plugins/2D/Paper2D/Content/DefaultSpriteMaterial.uasset" 544
"../../../Engine/Plugins/2D/Paper2D/Content/DefaultSpriteMaterial.uexp" 545
"../../../Engine/Plugins/2D/Paper2D/Content/MaskedUnlitSpriteMaterial.uasset" 546
"../../../Engine/Plugins/2D/Paper2D/Content/MaskedUnlitSpriteMaterial.uexp" 547
"../../../Engine/Plugins/2D/Paper2D/Content/DummySprite.uasset" 548
"../../../Engine/Plugins/2D/Paper2D/Content/DummySprite.uexp" 549
"../../../Engine/Plugins/2D/Paper2D/Content/DefaultPaperTerrainMaterial.uasset" 550
"../../../Engine/Plugins/2D/Paper2D/Content/DefaultPaperTerrainMaterial.uexp" 551
"../../../Engine/Content/EditorLandscapeResources/WhiteSquareTexture.uasset" 552
"../../../Engine/Content/EditorLandscapeResources/WhiteSquareTexture.uexp" 553
"../../../Engine/Content/EditorLandscapeResources/SelectBrushMaterial.uasset" 554
"../../../Engine/Content/EditorLandscapeResources/SelectBrushMaterial.uexp" 555
"../../../Engine/Content/EditorLandscapeResources/SelectBrushMaterial_Selected.uasset" 556
"../../../Engine/Content/EditorLandscapeResources/SelectBrushMaterial_Selected.uexp" 557
"../../../Engine/Content/EditorLandscapeResources/ColorMaskBrushMaterial.uasset" 558
"../../../Engine/Content/EditorLandscapeResources/ColorMaskBrushMaterial.uexp" 559
"../../../Engine/Content/EditorLandscapeResources/ColorMaskBrushMaterial_MaskedRegion.uasset" 560
"../../../Engine/Content/EditorLandscapeResources/ColorMaskBrushMaterial_MaskedRegion.uexp" 561
"../../../Engine/Plugins/2D/Paper2D/Content/OpaqueUnlitSpriteMaterial.uasset" 562
"../../../Engine/Plugins/2D/Paper2D/Content/OpaqueUnlitSpriteMaterial.uexp" 563
"../../../Engine/Plugins/Animation/ControlRig/Content/Controls/ControlRig_Wedge_solid.uasset" 564
"../../../Engine/Plugins/Animation/ControlRig/Content/Controls/ControlRig_Wedge_solid.uexp" 565
"../../../Engine/Plugins/Animation/ControlRig/Content/Controls/ControlRig_Wedge_3mm.uasset" 566
"../../../Engine/Plugins/Animation/ControlRig/Content/Controls/ControlRig_Wedge_3mm.uexp" 567
"../../../Engine/Content/EditorMaterials/PreviewShadowIndicator.ubulk" 568
"../../../Engine/Content/EditorMaterials/PreviewShadowIndicator.uasset" 569
"../../../Engine/Content/EditorMaterials/PreviewShadowIndicator.uexp" 570
"../../../Engine/Content/EditorMaterials/PreviewShadowIndicatorMaterial.uasset" 571
"../../../Engine/Content/EditorMaterials/PreviewShadowIndicatorMaterial.uexp" 572
"../../../Engine/Content/EngineMaterials/Substrate/GLints/AGlintTex2dArray.uasset" 573
"../../../Engine/Content/EngineMaterials/Substrate/GLints/AGlintTex2dArray.uexp" 574
"../../../Engine/Content/EditorLandscapeResources/SelectBrushMaterial_SelectedRegion.uasset" 575
"../../../Engine/Content/EditorLandscapeResources/SelectBrushMaterial_SelectedRegion.uexp" 576
"../../../Engine/Content/EngineFonts/RobotoDistanceField.uasset" 577
"../../../Engine/Content/EngineFonts/RobotoDistanceField.uexp" 578
"../../../Engine/Content/EngineMaterials/DefaultTextMaterialOpaque.uasset" 579
"../../../Engine/Content/EngineMaterials/DefaultTextMaterialOpaque.uexp" 580
"../../../Engine/Content/EngineMaterials/DefaultDeferredDecalMaterial.uasset" 581
"../../../Engine/Content/EngineMaterials/DefaultDeferredDecalMaterial.uexp" 582
"../../../Engine/Content/EngineMaterials/DefaultPostProcessMaterial.uasset" 583
"../../../Engine/Content/EngineMaterials/DefaultPostProcessMaterial.uexp" 584
"../../../Engine/Content/EngineResources/DefaultVolumeTexture2D.uasset" 585
"../../../Engine/Content/EngineResources/DefaultVolumeTexture2D.uexp" 586
"../../../Engine/Content/EngineResources/DefaultVolumeTexture.uasset" 587
"../../../Engine/Content/EngineResources/DefaultVolumeTexture.uexp" 588
"../../../Engine/Content/EngineDebugMaterials/VolumeToRender.uasset" 589
"../../../Engine/Content/EngineDebugMaterials/VolumeToRender.uexp" 590
"../../../Engine/Content/EngineDebugMaterials/M_VolumeRenderSphereTracePP.uasset" 591
"../../../Engine/Content/EngineDebugMaterials/M_VolumeRenderSphereTracePP.uexp" 592
"../../../Engine/Content/EditorLandscapeResources/SplineEditorMeshMat.uasset" 593
"../../../Engine/Content/EditorLandscapeResources/SplineEditorMeshMat.uexp" 594
"../../../Engine/Content/EditorLandscapeResources/SplineEditorMesh.uasset" 595
"../../../Engine/Content/EditorLandscapeResources/SplineEditorMesh.uexp" 596
"../../../Engine/Content/EngineFonts/Faces/DroidSansFallback.uexp" 597
"../../../Engine/Content/EngineFonts/Faces/DroidSansFallback.uasset" 598
"../../../Engine/Content/EngineFonts/Faces/DroidSansFallback.ufont" 599
"../../../Engine/Content/EngineFonts/Faces/RobotoBold.uexp" 600
"../../../Engine/Content/EngineFonts/Faces/RobotoBold.uasset" 601
"../../../Engine/Content/EngineFonts/Faces/RobotoBold.ufont" 602
"../../../Engine/Content/EngineFonts/Faces/RobotoBoldItalic.uexp" 603
"../../../Engine/Content/EngineFonts/Faces/RobotoBoldItalic.uasset" 604
"../../../Engine/Content/EngineFonts/Faces/RobotoBoldItalic.ufont" 605
"../../../Engine/Content/EngineFonts/Faces/RobotoItalic.uexp" 606
"../../../Engine/Content/EngineFonts/Faces/RobotoItalic.uasset" 607
"../../../Engine/Content/EngineFonts/Faces/RobotoItalic.ufont" 608
"../../../Engine/Content/EngineFonts/Faces/RobotoLight.uexp" 609
"../../../Engine/Content/EngineFonts/Faces/RobotoLight.uasset" 610
"../../../Engine/Content/EngineFonts/Faces/RobotoLight.ufont" 611
"../../../Engine/Content/EngineFonts/Faces/RobotoRegular.uexp" 612
"../../../Engine/Content/EngineFonts/Faces/RobotoRegular.uasset" 613
"../../../Engine/Content/EngineFonts/Faces/RobotoRegular.ufont" 614
"../../../Engine/Content/EngineFonts/Roboto.uasset" 615
"../../../Engine/Content/EngineFonts/Roboto.uexp" 616
"../../../Engine/Content/MobileResources/HUD/VirtualJoystick_Background.uasset" 617
"../../../Engine/Content/MobileResources/HUD/VirtualJoystick_Background.uexp" 618
"../../../Engine/Content/MobileResources/HUD/VirtualJoystick_Thumb.uasset" 619
"../../../Engine/Content/MobileResources/HUD/VirtualJoystick_Thumb.uexp" 620
"../../../Engine/Content/MobileResources/HUD/DefaultVirtualJoysticks.uasset" 621
"../../../Engine/Content/MobileResources/HUD/DefaultVirtualJoysticks.uexp" 622
"../../../Engine/Content/VREditor/TransformGizmo/Main.uasset" 623
"../../../Engine/Content/VREditor/TransformGizmo/Main.uexp" 624
"../../../Engine/Content/VREditor/TransformGizmo/Xray.uasset" 625
"../../../Engine/Content/VREditor/TransformGizmo/Xray.uexp" 626
"../../../Engine/Content/VREditor/TransformGizmo/SM_Sequencer_Node.uasset" 627
"../../../Engine/Content/VREditor/TransformGizmo/SM_Sequencer_Node.uexp" 628
"../../../Engine/Content/EngineMaterials/Substrate/Volume/SubstrateSimpleVolumeEnvLUT3D.uasset" 629
"../../../Engine/Content/EngineMaterials/Substrate/Volume/SubstrateSimpleVolumeEnvLUT3D.uexp" 630
"../../../Engine/Content/EngineMaterials/HairColorMap.uasset" 631
"../../../Engine/Content/EngineMaterials/HairColorMap.uexp" 632
"../../../Engine/Content/EngineMaterials/HairDebugColor.uasset" 633
"../../../Engine/Content/EngineMaterials/HairDebugColor.uexp" 634
"../../../Engine/Plugins/Runtime/HairStrands/Content/Materials/HairGroupColors.uasset" 635
"../../../Engine/Plugins/Runtime/HairStrands/Content/Materials/HairGroupColors.uexp" 636
"../../../Engine/Plugins/Runtime/HairStrands/Content/Materials/HairDebugMaterial.uasset" 637
"../../../Engine/Plugins/Runtime/HairStrands/Content/Materials/HairDebugMaterial.uexp" 638
"../../../Engine/Content/EngineMaterials/Substrate/Volume/SubstrateSimpleVolumeLUT3D.uasset" 639
"../../../Engine/Content/EngineMaterials/Substrate/Volume/SubstrateSimpleVolumeLUT3D.uexp" 640
"../../../Engine/Content/EngineMaterials/Hair/Hair_DirectionalAlbedo.uasset" 641
"../../../Engine/Content/EngineMaterials/Hair/Hair_DirectionalAlbedo.uexp" 642
"../../../Engine/Content/EngineMaterials/Hair/Hair_DualScattering.uasset" 643
"../../../Engine/Content/EngineMaterials/Hair/Hair_DualScattering.uexp" 644
"../../../Engine/Content/EngineMaterials/Substrate/Glints2/AGlintTex2dArray2.uasset" 645
"../../../Engine/Content/EngineMaterials/Substrate/Glints2/AGlintTex2dArray2.uexp" 646
"../../../Engine/Content/EngineMaterials/DefaultCalibrationGrayscale.uasset" 647
"../../../Engine/Content/EngineMaterials/DefaultCalibrationGrayscale.uexp" 648
"../../../Engine/Content/EngineMaterials/PPM_DefaultCalibrationGrayscale.uasset" 649
"../../../Engine/Content/EngineMaterials/PPM_DefaultCalibrationGrayscale.uexp" 650
"../../../Engine/Content/EngineMaterials/DefaultCalibrationColor.uasset" 651
"../../../Engine/Content/EngineMaterials/DefaultCalibrationColor.uexp" 652
"../../../Engine/Content/EngineMaterials/PPM_DefaultCalibrationColor.uasset" 653
"../../../Engine/Content/EngineMaterials/PPM_DefaultCalibrationColor.uexp" 654
"../../../Engine/Content/Functions/Engine_MaterialFunctions02/WorldPositionOffset/CameraOffset.uasset" 655
"../../../Engine/Content/Functions/Engine_MaterialFunctions02/WorldPositionOffset/CameraOffset.uexp" 656
"../../../Engine/Plugins/Animation/ControlRig/Content/M_Manip.uasset" 657
"../../../Engine/Plugins/Animation/ControlRig/Content/M_Manip.uexp" 658
"../../../Engine/Content/EngineMaterials/PhAT_JointLimitMaterial.uasset" 659
"../../../Engine/Content/EngineMaterials/PhAT_JointLimitMaterial.uexp" 660
"../../../Engine/Content/EditorMaterials/Dataflow/T_CheckerBoard.uasset" 661
"../../../Engine/Content/EditorMaterials/Dataflow/T_CheckerBoard.uexp" 662
"../../../Engine/Content/EditorMaterials/Dataflow/M_Dataflow_CheckerBoard.uasset" 663
"../../../Engine/Content/EditorMaterials/Dataflow/M_Dataflow_CheckerBoard.uexp" 664
"../../../Engine/Plugins/Animation/DeformerGraph/Content/DeformerFunctions/DG_Function_LinearBlendSkin_Morph_Cloth.uasset" 665
"../../../Engine/Plugins/Animation/DeformerGraph/Content/DeformerFunctions/DG_Function_LinearBlendSkin_Morph_Cloth.uexp" 666
"../../../Engine/Plugins/Animation/DeformerGraph/Content/Deformers/DG_LinearBlendSkin_Morph_Cloth.uasset" 667
"../../../Engine/Plugins/Animation/DeformerGraph/Content/Deformers/DG_LinearBlendSkin_Morph_Cloth.uexp" 668
"../../../Engine/Plugins/Animation/DeformerGraph/Content/DeformerFunctions/DG_Function_ComputeNormalsTangents.uasset" 669
"../../../Engine/Plugins/Animation/DeformerGraph/Content/DeformerFunctions/DG_Function_ComputeNormalsTangents.uexp" 670
"../../../Engine/Plugins/Animation/DeformerGraph/Content/DeformerFunctions/DG_Function_LinearBlendSkin_Morph_Cloth_PositionOnly.uasset" 671
"../../../Engine/Plugins/Animation/DeformerGraph/Content/DeformerFunctions/DG_Function_LinearBlendSkin_Morph_Cloth_PositionOnly.uexp" 672
"../../../Engine/Plugins/Animation/DeformerGraph/Content/Deformers/DG_LinearBlendSkin_Morph_Cloth_RecomputeNormals.uasset" 673
"../../../Engine/Plugins/Animation/DeformerGraph/Content/Deformers/DG_LinearBlendSkin_Morph_Cloth_RecomputeNormals.uexp" 674
"../../../Engine/Plugins/Interchange/Assets/Content/Functions/MX_Displacement.uasset" 675
"../../../Engine/Plugins/Interchange/Assets/Content/Functions/MX_Displacement.uexp" 676
"../../../Engine/Plugins/Interchange/Assets/Content/Functions/MX_Surface.uasset" 677
"../../../Engine/Plugins/Interchange/Assets/Content/Functions/MX_Surface.uexp" 678
"../../../Engine/Plugins/NNE/NNEDenoiser/Content/NNE_oidn2-3-0_rt_hdr_alb_nrm_small__dyn__fp16_opset11_DenoiseAlpha.uasset" 679
"../../../Engine/Plugins/NNE/NNEDenoiser/Content/NNE_oidn2-3-0_rt_hdr_alb_nrm_small__dyn__fp16_opset11_DenoiseAlpha.uexp" 680
"../../../Engine/Plugins/NNE/NNEDenoiser/Content/NNED_Oidn2-3_HighQuality_Alpha.uasset" 681
"../../../Engine/Plugins/NNE/NNEDenoiser/Content/NNED_Oidn2-3_HighQuality_Alpha.uexp" 682
"../../../Engine/Plugins/NNE/NNEDenoiser/Content/NNED_Oidn2-3_HighQuality.uasset" 683
"../../../Engine/Plugins/NNE/NNEDenoiser/Content/NNED_Oidn2-3_HighQuality.uexp" 684
"../../../Engine/Plugins/NNE/NNEDenoiser/Content/NNED_Oidn2-3_Fast_Alpha.uasset" 685
"../../../Engine/Plugins/NNE/NNEDenoiser/Content/NNED_Oidn2-3_Fast_Alpha.uexp" 686
"../../../Engine/Plugins/NNE/NNEDenoiser/Content/NNED_Oidn2-3_Fast.uasset" 687
"../../../Engine/Plugins/NNE/NNEDenoiser/Content/NNED_Oidn2-3_Fast.uexp" 688
"../../../Engine/Plugins/NNE/NNEDenoiser/Content/NNED_Oidn2-3_Balanced_Alpha.uasset" 689
"../../../Engine/Plugins/NNE/NNEDenoiser/Content/NNED_Oidn2-3_Balanced_Alpha.uexp" 690
"../../../Engine/Plugins/NNE/NNEDenoiser/Content/NNEDIM_HighQuality_Default.uasset" 691
"../../../Engine/Plugins/NNE/NNEDenoiser/Content/NNEDIM_HighQuality_Default.uexp" 692
"../../../Engine/Plugins/NNE/NNEDenoiser/Content/NNEDIM_HighQuality_Alpha.uasset" 693
"../../../Engine/Plugins/NNE/NNEDenoiser/Content/NNEDIM_HighQuality_Alpha.uexp" 694
"../../../Engine/Plugins/NNE/NNEDenoiser/Content/NNED_Oidn2-3_Balanced.uasset" 695
"../../../Engine/Plugins/NNE/NNEDenoiser/Content/NNED_Oidn2-3_Balanced.uexp" 696
"../../../Engine/Plugins/NNE/NNEDenoiser/Content/NNEDT_Oidn2-3_Balanced_Alpha.uasset" 697
"../../../Engine/Plugins/NNE/NNEDenoiser/Content/NNEDT_Oidn2-3_Balanced_Alpha.uexp" 698
"../../../Engine/Plugins/NNE/NNEDenoiser/Content/NNEDT_Oidn2-3_Balanced.uasset" 699
"../../../Engine/Plugins/NNE/NNEDenoiser/Content/NNEDT_Oidn2-3_Balanced.uexp" 700
"../../../Engine/Content/EngineMaterials/WeightMapPlaceholderTexture.uasset" 701
"../../../Engine/Content/EngineMaterials/WeightMapPlaceholderTexture.uexp" 702
"../../../Engine/Content/EngineMaterials/WeightMapArrayPlaceholderTexture.uasset" 703
"../../../Engine/Content/EngineMaterials/WeightMapArrayPlaceholderTexture.uexp" 704
"../../../Engine/Content/EditorLandscapeResources/LayerVisMaterial.uasset" 705
"../../../Engine/Content/EditorLandscapeResources/LayerVisMaterial.uexp" 706
"../../../Engine/Content/EditorLandscapeResources/LandscapeDirtyMaterial.uasset" 707
"../../../Engine/Content/EditorLandscapeResources/LandscapeDirtyMaterial.uexp" 708
"../../../Engine/Content/EngineMaterials/DefaultWhiteGrid_Low.uasset" 709
"../../../Engine/Content/EngineMaterials/DefaultWhiteGrid_Low.uexp" 710
"../../../Engine/Content/EngineMaterials/EmissiveMeshMaterial.uasset" 711
"../../../Engine/Content/EngineMaterials/EmissiveMeshMaterial.uexp" 712
"../../../Engine/Content/EngineMaterials/InvalidLightmapSettings.ubulk" 713
"../../../Engine/Content/EngineMaterials/InvalidLightmapSettings.uasset" 714
"../../../Engine/Content/EngineMaterials/InvalidLightmapSettings.uexp" 715
"../../../Engine/Content/EngineMaterials/M_InvalidLightmapSettings.uasset" 716
"../../../Engine/Content/EngineMaterials/M_InvalidLightmapSettings.uexp" 717
"../../../Engine/Content/EngineMaterials/BaseFlattenDiffuseMap.uasset" 718
"../../../Engine/Content/EngineMaterials/BaseFlattenDiffuseMap.uexp" 719
"../../../Engine/Content/EngineMaterials/BaseFlattenEmissiveMap.uasset" 720
"../../../Engine/Content/EngineMaterials/BaseFlattenEmissiveMap.uexp" 721
"../../../Engine/Content/EngineMaterials/BaseFlattenGrayscaleMap.uasset" 722
"../../../Engine/Content/EngineMaterials/BaseFlattenGrayscaleMap.uexp" 723
"../../../Engine/Content/EngineMaterials/BaseFlattenLinearColor.uasset" 724
"../../../Engine/Content/EngineMaterials/BaseFlattenLinearColor.uexp" 725
"../../../Engine/Content/EngineMaterials/BaseFlattenNormalMap.uasset" 726
"../../../Engine/Content/EngineMaterials/BaseFlattenNormalMap.uexp" 727
"../../../Engine/Content/Functions/Engine_MaterialFunctions02/PivotPainter2/Black_1x1_EXR_Texture.uasset" 728
"../../../Engine/Content/Functions/Engine_MaterialFunctions02/PivotPainter2/Black_1x1_EXR_Texture.uexp" 729
"../../../Engine/Content/EngineMaterials/FlattenMaterial.uasset" 730
"../../../Engine/Content/EngineMaterials/FlattenMaterial.uexp" 731
"../../../Engine/Content/EngineMaterials/BaseFlattenDiffuseMap_VT.ubulk" 732
"../../../Engine/Content/EngineMaterials/BaseFlattenDiffuseMap_VT.uasset" 733
"../../../Engine/Content/EngineMaterials/BaseFlattenDiffuseMap_VT.uexp" 734
"../../../Engine/Content/EngineMaterials/BaseFlattenEmissiveMap_VT.ubulk" 735
"../../../Engine/Content/EngineMaterials/BaseFlattenEmissiveMap_VT.uasset" 736
"../../../Engine/Content/EngineMaterials/BaseFlattenEmissiveMap_VT.uexp" 737
"../../../Engine/Content/EngineMaterials/BaseFlattenGrayscaleMap_VT.ubulk" 738
"../../../Engine/Content/EngineMaterials/BaseFlattenGrayscaleMap_VT.uasset" 739
"../../../Engine/Content/EngineMaterials/BaseFlattenGrayscaleMap_VT.uexp" 740
"../../../Engine/Content/EngineMaterials/BaseFlattenLinearColor_VT.ubulk" 741
"../../../Engine/Content/EngineMaterials/BaseFlattenLinearColor_VT.uasset" 742
"../../../Engine/Content/EngineMaterials/BaseFlattenLinearColor_VT.uexp" 743
"../../../Engine/Content/EngineMaterials/BaseFlattenNormalMap_VT.ubulk" 744
"../../../Engine/Content/EngineMaterials/BaseFlattenNormalMap_VT.uasset" 745
"../../../Engine/Content/EngineMaterials/BaseFlattenNormalMap_VT.uexp" 746
"../../../Engine/Content/EngineMaterials/Black_1x1_EXR_Texture_VT.ubulk" 747
"../../../Engine/Content/EngineMaterials/Black_1x1_EXR_Texture_VT.uasset" 748
"../../../Engine/Content/EngineMaterials/Black_1x1_EXR_Texture_VT.uexp" 749
"../../../Engine/Content/EngineMaterials/FlattenMaterial_VT.uasset" 750
"../../../Engine/Content/EngineMaterials/FlattenMaterial_VT.uexp" 751
"../../../Engine/Content/EngineMaterials/FlattenMaterial_WS_Normal_VT.uasset" 752
"../../../Engine/Content/EngineMaterials/FlattenMaterial_WS_Normal_VT.uexp" 753
"../../../Engine/Plugins/NNE/NNEDenoiser/Content/NNEDTOM_Output_Default.uasset" 754
"../../../Engine/Plugins/NNE/NNEDenoiser/Content/NNEDTOM_Output_Default.uexp" 755
"../../../Engine/Plugins/NNE/NNEDenoiser/Content/NNEDIM_ColorAlbedoNormal_Default.uasset" 756
"../../../Engine/Plugins/NNE/NNEDenoiser/Content/NNEDIM_ColorAlbedoNormal_Default.uexp" 757
"../../../Engine/Plugins/NNE/NNEDenoiser/Content/NNEDTOM_Output_Alpha.uasset" 758
"../../../Engine/Plugins/NNE/NNEDenoiser/Content/NNEDTOM_Output_Alpha.uexp" 759
"../../../Engine/Plugins/NNE/NNEDenoiser/Content/NNEDIM_ColorAlbedoNormal_Alpha.uasset" 760
"../../../Engine/Plugins/NNE/NNEDenoiser/Content/NNEDIM_ColorAlbedoNormal_Alpha.uexp" 761
"../../../Engine/Plugins/NNE/NNEDenoiser/Content/NNEDTIM_ColorAlbedoNormal_Default.uasset" 762
"../../../Engine/Plugins/NNE/NNEDenoiser/Content/NNEDTIM_ColorAlbedoNormal_Default.uexp" 763
"../../../Engine/Plugins/NNE/NNEDenoiser/Content/NNEDTIM_ColorAlbedoNormal_Alpha.uasset" 764
"../../../Engine/Plugins/NNE/NNEDenoiser/Content/NNEDTIM_ColorAlbedoNormal_Alpha.uexp" 765
"../../../Engine/Plugins/NNE/NNEDenoiser/Content/NNEDOM_Output_Default.uasset" 766
"../../../Engine/Plugins/NNE/NNEDenoiser/Content/NNEDOM_Output_Default.uexp" 767
"../../../Engine/Plugins/NNE/NNEDenoiser/Content/NNEDOM_Output_Alpha.uasset" 768
"../../../Engine/Plugins/NNE/NNEDenoiser/Content/NNEDOM_Output_Alpha.uexp" 769
"../../../Engine/Content/EngineMeshes/Sphere.uasset" 770
"../../../Engine/Content/EngineMeshes/Sphere.uexp" 771
"../../../Engine/Content/EngineDamageTypes/DmgTypeBP_Environmental.uasset" 772
"../../../Engine/Content/EngineDamageTypes/DmgTypeBP_Environmental.uexp" 773
"../../../Engine/Content/EngineResources/LandscapeVisibilityLayerInfo.uasset" 774
"../../../Engine/Content/EngineResources/LandscapeVisibilityLayerInfo.uexp" 775
"../../../Engine/Plugins/NNE/NNEDenoiser/Content/NNE_oidn2-3-0_rt_hdr_calb_cnrm_large__dyn__fp16_opset11_ForwardAlpha.uasset" 776
"../../../Engine/Plugins/NNE/NNEDenoiser/Content/NNE_oidn2-3-0_rt_hdr_calb_cnrm_large__dyn__fp16_opset11_ForwardAlpha.uexp" 777
"../../../Engine/Plugins/NNE/NNEDenoiser/Content/NNE_oidn2-3-0_rt_hdr_calb_cnrm_large__dyn__fp16_opset11_DenoiseAlpha.uasset" 778
"../../../Engine/Plugins/NNE/NNEDenoiser/Content/NNE_oidn2-3-0_rt_hdr_calb_cnrm_large__dyn__fp16_opset11_DenoiseAlpha.uexp" 779
"../../../Engine/Plugins/NNE/NNEDenoiser/Content/NNE_oidn2-3-0_rt_hdr_alb_nrm__dyn__fp16_opset11_ForwardAlpha.uasset" 780
"../../../Engine/Plugins/NNE/NNEDenoiser/Content/NNE_oidn2-3-0_rt_hdr_alb_nrm__dyn__fp16_opset11_ForwardAlpha.uexp" 781
"../../../Engine/Plugins/NNE/NNEDenoiser/Content/NNE_oidn2-3-0_rt_hdr_alb_nrm__dyn__fp16_opset11_DenoiseAlpha.uasset" 782
"../../../Engine/Plugins/NNE/NNEDenoiser/Content/NNE_oidn2-3-0_rt_hdr_alb_nrm__dyn__fp16_opset11_DenoiseAlpha.uexp" 783
"../../../Engine/Plugins/NNE/NNEDenoiser/Content/NNE_oidn2-3-0_rt_hdr_alb_nrm_small__dyn__fp16_opset11_ForwardAlpha.uasset" 784
"../../../Engine/Plugins/NNE/NNEDenoiser/Content/NNE_oidn2-3-0_rt_hdr_alb_nrm_small__dyn__fp16_opset11_ForwardAlpha.uexp" 785
"../../../Engine/Plugins/Experimental/Water/Content/Icons/WaterBodyExclusionVolumeSprite.uasset" 786
"../../../Engine/Plugins/Experimental/Water/Content/Icons/WaterBodyExclusionVolumeSprite.uexp" 787
"../../../Engine/Plugins/Animation/ACLPlugin/Content/ACLAnimBoneCompressionSettings.uasset" 788
"../../../Engine/Plugins/Animation/ACLPlugin/Content/ACLAnimBoneCompressionSettings.uexp" 789
"../../../Engine/Content/Animation/DefaultRecorderBoneCompression.uasset" 790
"../../../Engine/Content/Animation/DefaultRecorderBoneCompression.uexp" 791
"../../../Engine/Plugins/Animation/ACLPlugin/Content/ACLAnimCurveCompressionSettings.uasset" 792
"../../../Engine/Plugins/Animation/ACLPlugin/Content/ACLAnimCurveCompressionSettings.uexp" 793
"../../../Engine/Content/Animation/DefaultVariableFrameStrippingSettings.uasset" 794
"../../../Engine/Content/Animation/DefaultVariableFrameStrippingSettings.uexp" 795
"../../../Engine/Plugins/Animation/ControlRig/Content/Controls/DefaultGizmoLibraryNormalized.uasset" 796
"../../../Engine/Plugins/Animation/ControlRig/Content/Controls/DefaultGizmoLibraryNormalized.uexp" 797
"../../../Engine/Content/EngineDebugMaterials/M_SimpleUnlitTranslucent.uasset" 798
"../../../Engine/Content/EngineDebugMaterials/M_SimpleUnlitTranslucent.uexp" 799
"../../../Engine/Content/EditorResources/S_Solver.ubulk" 800
"../../../Engine/Content/EditorResources/S_Solver.uasset" 801
"../../../Engine/Content/EditorResources/S_Solver.uexp" 802
"../../../Engine/Content/EngineResources/GradientTexture0.uasset" 803
"../../../Engine/Content/EngineResources/GradientTexture0.uexp" 804
"../../../Engine/Content/EngineResources/Black.uasset" 805
"../../../Engine/Content/EngineResources/Black.uexp" 806
"../../../Engine/Content/EditorResources/S_Actor.ubulk" 807
"../../../Engine/Content/EditorResources/S_Actor.uasset" 808
"../../../Engine/Content/EditorResources/S_Actor.uexp" 809
"../../../Engine/Content/EngineMaterials/DefaultLightFunctionMaterial.uasset" 810
"../../../Engine/Content/EngineMaterials/DefaultLightFunctionMaterial.uexp" 811
"../../../Engine/Content/EditorResources/S_Trigger.ubulk" 812
"../../../Engine/Content/EditorResources/S_Trigger.uasset" 813
"../../../Engine/Content/EditorResources/S_Trigger.uexp" 814
"../../../Engine/Content/EditorResources/S_BoxReflectionCapture.uasset" 815
"../../../Engine/Content/EditorResources/S_BoxReflectionCapture.uexp" 816
"../../../Engine/Content/EngineResources/DefaultTexture.ubulk" 817
"../../../Engine/Content/EngineResources/DefaultTexture.uasset" 818
"../../../Engine/Content/EngineResources/DefaultTexture.uexp" 819
"../../../Engine/Content/EditorResources/S_TriggerBox.uasset" 820
"../../../Engine/Content/EditorResources/S_TriggerBox.uexp" 821
"../../../Engine/Content/EditorResources/S_TriggerCapsule.uasset" 822
"../../../Engine/Content/EditorResources/S_TriggerCapsule.uexp" 823
"../../../Engine/Content/EditorResources/S_TriggerSphere.uasset" 824
"../../../Engine/Content/EditorResources/S_TriggerSphere.uexp" 825
"../../../Engine/Content/EngineResources/DefaultTextureCube.uasset" 826
"../../../Engine/Content/EngineResources/DefaultTextureCube.uexp" 827
"../../../Engine/Content/EditorMaterials/WidgetVertexColorMaterial.uasset" 828
"../../../Engine/Content/EditorMaterials/WidgetVertexColorMaterial.uexp" 829
"../../../Engine/Plugins/Experimental/Water/Content/Icons/WaterBodyIslandSprite.uasset" 830
"../../../Engine/Plugins/Experimental/Water/Content/Icons/WaterBodyIslandSprite.uexp" 831
"../../../Engine/Plugins/Experimental/Water/Content/Icons/WaterZoneActorSprite.ubulk" 832
"../../../Engine/Plugins/Experimental/Water/Content/Icons/WaterZoneActorSprite.uasset" 833
"../../../Engine/Plugins/Experimental/Water/Content/Icons/WaterZoneActorSprite.uexp" 834
"../../../Engine/Plugins/Runtime/HairStrands/Content/Materials/HairDefaultMaterial.uasset" 835
"../../../Engine/Plugins/Runtime/HairStrands/Content/Materials/HairDefaultMaterial.uexp" 836
"../../../Engine/Plugins/Runtime/HairStrands/Content/Materials/HairCardsDefaultMaterial.uasset" 837
"../../../Engine/Plugins/Runtime/HairStrands/Content/Materials/HairCardsDefaultMaterial.uexp" 838
"../../../Engine/Plugins/Runtime/HairStrands/Content/Materials/HairMeshesDefaultMaterial.uasset" 839
"../../../Engine/Plugins/Runtime/HairStrands/Content/Materials/HairMeshesDefaultMaterial.uexp" 840
"../../../Engine/Content/EditorMaterials/ParticleSystems/PSysThumbnail_NoImage.ubulk" 841
"../../../Engine/Content/EditorMaterials/ParticleSystems/PSysThumbnail_NoImage.uasset" 842
"../../../Engine/Content/EditorMaterials/ParticleSystems/PSysThumbnail_NoImage.uexp" 843
"../../../Engine/Content/EditorMaterials/ParticleSystems/PSysThumbnail_OOD.ubulk" 844
"../../../Engine/Content/EditorMaterials/ParticleSystems/PSysThumbnail_OOD.uasset" 845
"../../../Engine/Content/EditorMaterials/ParticleSystems/PSysThumbnail_OOD.uexp" 846
"../../../Engine/Plugins/Animation/ControlRig/Content/Controls/ControlRigXRayMaterial.uasset" 847
"../../../Engine/Plugins/Animation/ControlRig/Content/Controls/ControlRigXRayMaterial.uexp" 848
"../../../Engine/Plugins/PCG/Content/ComputeSources/PCGCS_ShaderUtils.uasset" 849
"../../../Engine/Plugins/PCG/Content/ComputeSources/PCGCS_ShaderUtils.uexp" 850
"../../../Engine/Plugins/PCG/Content/ComputeSources/PCGCS_ShaderUtilsInternal.uasset" 851
"../../../Engine/Plugins/PCG/Content/ComputeSources/PCGCS_ShaderUtilsInternal.uexp" 852
"../../../Engine/Plugins/PCG/Content/ComputeSources/PCGCS_Quaternion.uasset" 853
"../../../Engine/Plugins/PCG/Content/ComputeSources/PCGCS_Quaternion.uexp" 854
"../../../Engine/Content/EngineMaterials/DefaultPhysicalMaterial.uasset" 855
"../../../Engine/Content/EngineMaterials/DefaultPhysicalMaterial.uexp" 856
"../../../Engine/Content/EngineMaterials/DefaultDestructiblePhysicalMaterial.uasset" 857
"../../../Engine/Content/EngineMaterials/DefaultDestructiblePhysicalMaterial.uexp" 858
"../../../Engine/Plugins/Experimental/Water/Content/Materials/MPC/MPC_Water.uasset" 859
"../../../Engine/Plugins/Experimental/Water/Content/Materials/MPC/MPC_Water.uexp" 860
"../../../Engine/Plugins/Experimental/Water/Content/Curves/FloatCurve.uasset" 861
"../../../Engine/Plugins/Experimental/Water/Content/Curves/FloatCurve.uexp" 862
"../../../Engine/Plugins/Experimental/Water/Content/Curves/FloatCurve_WaterBodyIsland.uasset" 863
"../../../Engine/Plugins/Experimental/Water/Content/Curves/FloatCurve_WaterBodyIsland.uexp" 864
"../../../Engine/Plugins/Experimental/Water/Content/Waves/GerstnerWaves_Lake.uasset" 865
"../../../Engine/Plugins/Experimental/Water/Content/Waves/GerstnerWaves_Lake.uexp" 866
"../../../Engine/Plugins/Experimental/Water/Content/Waves/GerstnerWaves_Ocean.uasset" 867
"../../../Engine/Plugins/Experimental/Water/Content/Waves/GerstnerWaves_Ocean.uexp" 868
"../../../Engine/Content/EngineMaterials/EnergyConservation/SheenLegacy_Energy.uasset" 869
"../../../Engine/Content/EngineMaterials/EnergyConservation/SheenLegacy_Energy.uexp" 870
"../../../Engine/Content/EngineMaterials/DefaultWhiteGrid.ubulk" 871
"../../../Engine/Content/EngineMaterials/DefaultWhiteGrid.uasset" 872
"../../../Engine/Content/EngineMaterials/DefaultWhiteGrid.uexp" 873
"../../../Engine/Content/EngineMaterials/GizmoMaterial.uasset" 874
"../../../Engine/Content/EngineMaterials/GizmoMaterial.uexp" 875
"../../../Engine/Plugins/Runtime/AudioWidgets/Content/Resources/ScrubHandleDown_Clamped.uasset" 876
"../../../Engine/Plugins/Runtime/AudioWidgets/Content/Resources/ScrubHandleDown_Clamped.uexp" 877
"../../../Engine/Content/BasicShapes/BasicShapeMaterial.uasset" 878
"../../../Engine/Content/BasicShapes/BasicShapeMaterial.uexp" 879
"../../../Engine/Content/EditorMaterials/Dataflow/DataflowVertexMaterial.uasset" 880
"../../../Engine/Content/EditorMaterials/Dataflow/DataflowVertexMaterial.uexp" 881
"../../../Engine/Content/EditorMaterials/Dataflow/DataflowTwoSidedVertexMaterial.uasset" 882
"../../../Engine/Content/EditorMaterials/Dataflow/DataflowTwoSidedVertexMaterial.uexp" 883
"../../../Engine/Content/EngineMaterials/NaniteHiddenSectionMaterial.uasset" 884
"../../../Engine/Content/EngineMaterials/NaniteHiddenSectionMaterial.uexp" 885
"../../../Engine/Content/EngineMaterials/RemoveSurfaceMaterial.uasset" 886
"../../../Engine/Content/EngineMaterials/RemoveSurfaceMaterial.uexp" 887
"../../../Engine/Content/EngineDebugMaterials/DebugMeshMaterial.uasset" 888
"../../../Engine/Content/EngineDebugMaterials/DebugMeshMaterial.uexp" 889
"../../../Engine/Content/EngineMaterials/DefaultBokeh.uasset" 890
"../../../Engine/Content/EngineMaterials/DefaultBokeh.uexp" 891
"../../../Engine/Content/EngineMaterials/MiniFont.uasset" 892
"../../../Engine/Content/EngineMaterials/MiniFont.uexp" 893
"../../../Engine/Content/EngineMaterials/PreintegratedSkinBRDF.uasset" 894
"../../../Engine/Content/EngineMaterials/PreintegratedSkinBRDF.uexp" 895
"../../../Engine/Content/EngineMaterials/LTC/GGX_LTCAmp.uasset" 896
"../../../Engine/Content/EngineMaterials/LTC/GGX_LTCAmp.uexp" 897
"../../../Engine/Content/EngineMaterials/LTC/GGX_LTCMat.uasset" 898
"../../../Engine/Content/EngineMaterials/LTC/GGX_LTCMat.uexp" 899
"../../../Engine/Content/EngineMaterials/LTC/Sheen_LTC.uasset" 900
"../../../Engine/Content/EngineMaterials/LTC/Sheen_LTC.uexp" 901
"../../../Engine/Content/EngineMaterials/EnergyConservation/GGX_ReflectionEnergy.uasset" 902
"../../../Engine/Content/EngineMaterials/EnergyConservation/GGX_ReflectionEnergy.uexp" 903
"../../../Engine/Content/EngineMaterials/EnergyConservation/GGX_MaxSpecEnergy.uasset" 904
"../../../Engine/Content/EngineMaterials/EnergyConservation/GGX_MaxSpecEnergy.uexp" 905
"../../../Engine/Content/EngineMaterials/EnergyConservation/GGX_TransmissionEnergyArray.uasset" 906
"../../../Engine/Content/EngineMaterials/EnergyConservation/GGX_TransmissionEnergyArray.uexp" 907
"../../../Engine/Plugins/Experimental/Water/Content/Icons/WaterSprite.uasset" 908
"../../../Engine/Plugins/Experimental/Water/Content/Icons/WaterSprite.uexp" 909
"../../../Engine/Plugins/Experimental/Water/Content/Icons/WaterErrorSprite.ubulk" 910
"../../../Engine/Plugins/Experimental/Water/Content/Icons/WaterErrorSprite.uasset" 911
"../../../Engine/Plugins/Experimental/Water/Content/Icons/WaterErrorSprite.uexp" 912
"../../../Engine/Plugins/Experimental/Water/Content/Icons/WaterLandscapeBrushSprite.ubulk" 913
"../../../Engine/Plugins/Experimental/Water/Content/Icons/WaterLandscapeBrushSprite.uasset" 914
"../../../Engine/Plugins/Experimental/Water/Content/Icons/WaterLandscapeBrushSprite.uexp" 915
"../../../Engine/Content/EditorResources/SequenceRecorder/Countdown.uasset" 916
"../../../Engine/Content/EditorResources/SequenceRecorder/Countdown.uexp" 917
"../../../Engine/Content/EditorResources/SequenceRecorder/RecordingIndicator.uasset" 918
"../../../Engine/Content/EditorResources/SequenceRecorder/RecordingIndicator.uexp" 919
"../../../Engine/Content/EditorMaterials/PhAT_UnselectedMaterial.uasset" 920
"../../../Engine/Content/EditorMaterials/PhAT_UnselectedMaterial.uexp" 921
"../../../Engine/Plugins/Interchange/Runtime/Content/Pipelines/DefaultGLTFSceneAssetsPipeline.uasset" 922
"../../../Engine/Plugins/Interchange/Runtime/Content/Pipelines/DefaultGLTFSceneAssetsPipeline.uexp" 923
"../../../Engine/Plugins/Interchange/Runtime/Content/Pipelines/DefaultSceneLevelPipeline.uasset" 924
"../../../Engine/Plugins/Interchange/Runtime/Content/Pipelines/DefaultSceneLevelPipeline.uexp" 925
"../../../Engine/Plugins/Interchange/Runtime/Content/Pipelines/DefaultSceneAssetsPipeline.uasset" 926
"../../../Engine/Plugins/Interchange/Runtime/Content/Pipelines/DefaultSceneAssetsPipeline.uexp" 927
"../../../Engine/Plugins/Interchange/Runtime/Content/Pipelines/DefaultAudioPipeline.uasset" 928
"../../../Engine/Plugins/Interchange/Runtime/Content/Pipelines/DefaultAudioPipeline.uexp" 929
"../../../Engine/Plugins/Interchange/Runtime/Content/Pipelines/DefaultTexturePipeline.uasset" 930
"../../../Engine/Plugins/Interchange/Runtime/Content/Pipelines/DefaultTexturePipeline.uexp" 931
"../../../Engine/Plugins/Interchange/Runtime/Content/Pipelines/DefaultMaterialPipeline.uasset" 932
"../../../Engine/Plugins/Interchange/Runtime/Content/Pipelines/DefaultMaterialPipeline.uexp" 933
"../../../Engine/Plugins/Interchange/Runtime/Content/Pipelines/DefaultFBXOBJAssetsPipeline.uasset" 934
"../../../Engine/Plugins/Interchange/Runtime/Content/Pipelines/DefaultFBXOBJAssetsPipeline.uexp" 935
"../../../Engine/Plugins/Interchange/Runtime/Content/Pipelines/DefaultGLTFPipeline.uasset" 936
"../../../Engine/Plugins/Interchange/Runtime/Content/Pipelines/DefaultGLTFPipeline.uexp" 937
"../../../Engine/Plugins/Interchange/Runtime/Content/Pipelines/DefaultGLTFAssetsPipeline.uasset" 938
"../../../Engine/Plugins/Interchange/Runtime/Content/Pipelines/DefaultGLTFAssetsPipeline.uexp" 939
"../../../Engine/Plugins/Interchange/Runtime/Content/Pipelines/DefaultMaterialXPipeline.uasset" 940
"../../../Engine/Plugins/Interchange/Runtime/Content/Pipelines/DefaultMaterialXPipeline.uexp" 941
"../../../Engine/Plugins/Interchange/Runtime/Content/Pipelines/DefaultAssetsPipeline.uasset" 942
"../../../Engine/Plugins/Interchange/Runtime/Content/Pipelines/DefaultAssetsPipeline.uexp" 943
"../../../Engine/Content/EngineSounds/Master.uasset" 944
"../../../Engine/Content/EngineSounds/Master.uexp" 945
"../../../Engine/Content/EditorMaterials/PhAT_NoCollisionMaterial.uasset" 946
"../../../Engine/Content/EditorMaterials/PhAT_NoCollisionMaterial.uexp" 947
"../../../Engine/Plugins/Interchange/Assets/Content/Functions/MX_AnisotropicVDF.uasset" 948
"../../../Engine/Plugins/Interchange/Assets/Content/Functions/MX_AnisotropicVDF.uexp" 949
"../../../Engine/Plugins/Interchange/Assets/Content/Functions/MX_AbsorptionVDF.uasset" 950
"../../../Engine/Plugins/Interchange/Assets/Content/Functions/MX_AbsorptionVDF.uexp" 951
"../../../Engine/Plugins/Interchange/Assets/Content/Functions/MX_MeasuredEDF.uasset" 952
"../../../Engine/Plugins/Interchange/Assets/Content/Functions/MX_MeasuredEDF.uexp" 953
"../../../Engine/Plugins/Interchange/Assets/Content/Functions/MX_ConicalEDF.uasset" 954
"../../../Engine/Plugins/Interchange/Assets/Content/Functions/MX_ConicalEDF.uexp" 955
"../../../Engine/Plugins/Interchange/Assets/Content/Functions/MX_UniformEDF.uasset" 956
"../../../Engine/Plugins/Interchange/Assets/Content/Functions/MX_UniformEDF.uexp" 957
"../../../Engine/Plugins/Interchange/Assets/Content/Functions/MX_ChiangHairBSDF.uasset" 958
"../../../Engine/Plugins/Interchange/Assets/Content/Functions/MX_ChiangHairBSDF.uexp" 959
"../../../Engine/Plugins/Interchange/Assets/Content/Functions/MX_SheenBSDF.uasset" 960
"../../../Engine/Plugins/Interchange/Assets/Content/Functions/MX_SheenBSDF.uexp" 961
"../../../Engine/Plugins/Interchange/Assets/Content/Functions/MX_SubsurfaceBSDF.uasset" 962
"../../../Engine/Plugins/Interchange/Assets/Content/Functions/MX_SubsurfaceBSDF.uexp" 963
"../../../Engine/Plugins/Interchange/Assets/Content/Functions/MX_GeneralizedSchlickBSDF.uasset" 964
"../../../Engine/Plugins/Interchange/Assets/Content/Functions/MX_GeneralizedSchlickBSDF.uexp" 965
"../../../Engine/Plugins/Interchange/Assets/Content/Functions/MX_ConductorBSDF.uasset" 966
"../../../Engine/Plugins/Interchange/Assets/Content/Functions/MX_ConductorBSDF.uexp" 967
"../../../Engine/Plugins/Interchange/Assets/Content/Functions/MX_DielectricBSDF.uasset" 968
"../../../Engine/Plugins/Interchange/Assets/Content/Functions/MX_DielectricBSDF.uexp" 969
"../../../Engine/Plugins/Interchange/Assets/Content/Functions/MX_TranslucentBSDF.uasset" 970
"../../../Engine/Plugins/Interchange/Assets/Content/Functions/MX_TranslucentBSDF.uexp" 971
"../../../Engine/Plugins/Interchange/Assets/Content/Functions/MX_BurleyDiffuseBSDF.uasset" 972
"../../../Engine/Plugins/Interchange/Assets/Content/Functions/MX_BurleyDiffuseBSDF.uexp" 973
"../../../Engine/Plugins/Interchange/Assets/Content/Functions/MX_OrenNayarBSDF.uasset" 974
"../../../Engine/Plugins/Interchange/Assets/Content/Functions/MX_OrenNayarBSDF.uexp" 975
"../../../Engine/Plugins/Interchange/Assets/Content/Substrate/MX_SimpleVolume.uasset" 976
"../../../Engine/Plugins/Interchange/Assets/Content/Substrate/MX_SimpleVolume.uexp" 977
"../../../Engine/Plugins/Interchange/Assets/Content/Functions/MX_UsdPreviewSurface.uasset" 978
"../../../Engine/Plugins/Interchange/Assets/Content/Functions/MX_UsdPreviewSurface.uexp" 979
"../../../Engine/Plugins/Interchange/Assets/Content/Functions/MX_SurfaceUnlit.uasset" 980
"../../../Engine/Plugins/Interchange/Assets/Content/Functions/MX_SurfaceUnlit.uexp" 981
"../../../Engine/Plugins/Interchange/Runtime/Content/Pipelines/DefaultFBXOBJSceneAssetsPipeline.uasset" 982
"../../../Engine/Plugins/Interchange/Runtime/Content/Pipelines/DefaultFBXOBJSceneAssetsPipeline.uexp" 983
"../../../Engine/Content/EngineMaterials/FastBlueNoise_scalar_128x128x64.uasset" 984
"../../../Engine/Content/EngineMaterials/FastBlueNoise_scalar_128x128x64.uexp" 985
"../../../Engine/Content/EngineDebugMaterials/DebugEditorMaterial.uasset" 986
"../../../Engine/Content/EngineDebugMaterials/DebugEditorMaterial.uexp" 987
"../../../Engine/Content/EngineResources/Development/ZenLogo_64.uasset" 988
"../../../Engine/Content/EngineResources/Development/ZenLogo_64.uexp" 989
"../../../Engine/Content/EngineResources/FilmGrains/Marcie_Grain_v3_128_M2_000.uasset" 990
"../../../Engine/Content/EngineResources/FilmGrains/Marcie_Grain_v3_128_M2_000.uexp" 991
"../../../Engine/Content/EngineMaterials/DefaultBloomKernel.uasset" 992
"../../../Engine/Content/EngineMaterials/DefaultBloomKernel.uexp" 993
"../../../Engine/Plugins/Animation/ControlRig/Content/Controls/ControlRigGizmoMaterial.uasset" 994
"../../../Engine/Plugins/Animation/ControlRig/Content/Controls/ControlRigGizmoMaterial.uexp" 995
"../../../Engine/Content/EditorResources/BSPVertex.uasset" 996
"../../../Engine/Content/EditorResources/BSPVertex.uexp" 997
"../../../Engine/Content/EngineMaterials/SMAASearchTex.uasset" 998
"../../../Engine/Content/EngineMaterials/SMAASearchTex.uexp" 999
"../../../Engine/Content/EngineMaterials/SMAAAreaTex.uasset" 1000
"../../../Engine/Content/EngineMaterials/SMAAAreaTex.uexp" 1001
"../../../Engine/Content/EngineMaterials/Hair/Hair_Coverage.uasset" 1002
"../../../Engine/Content/EngineMaterials/Hair/Hair_Coverage.uexp" 1003
"../../../Engine/Content/EngineMaterials/EnergyConservation/Diffuse_Energy.uasset" 1004
"../../../Engine/Content/EngineMaterials/EnergyConservation/Diffuse_Energy.uexp" 1005
"../../../Engine/Content/EngineMaterials/EnergyConservation/Sheen_Energy.uasset" 1006
"../../../Engine/Content/EngineMaterials/EnergyConservation/Sheen_Energy.uexp" 1007
"../../../Engine/Content/EngineMaterials/FastBlueNoise_vec2_128x128x64.uasset" 1008
"../../../Engine/Content/EngineMaterials/FastBlueNoise_vec2_128x128x64.uexp" 1009
"../../../Engine/Content/EngineMaterials/FastBlueNoise_scalar_128x128x8.uasset" 1010
"../../../Engine/Content/EngineMaterials/FastBlueNoise_scalar_128x128x8.uexp" 1011
"../../../Engine/Content/Maps/Entry_BuiltData.uasset" 1012
"../../../Engine/Content/Maps/Entry_BuiltData.uexp" 1013
"../../../Engine/Content/Maps/Entry.uexp" 1014
"../../../Engine/Content/Maps/Entry.umap" 1015
